Archive member included to satisfy reference by file (symbol)

d:/imperial_college/dsd24/intelfpga_lite/18.1/nios2eds/bin/gnu/h-x86_64-mingw32/bin/../lib/gcc/nios2-elf/5.3.0/mhw-mulx\libgcc.a(addsf3.o)
                              obj/default/task_4.o (__addsf3)
d:/imperial_college/dsd24/intelfpga_lite/18.1/nios2eds/bin/gnu/h-x86_64-mingw32/bin/../lib/gcc/nios2-elf/5.3.0/mhw-mulx\libgcc.a(divsf3.o)
                              obj/default/task_4.o (__divsf3)
d:/imperial_college/dsd24/intelfpga_lite/18.1/nios2eds/bin/gnu/h-x86_64-mingw32/bin/../lib/gcc/nios2-elf/5.3.0/mhw-mulx\libgcc.a(mulsf3.o)
                              obj/default/task_4.o (__mulsf3)
d:/imperial_college/dsd24/intelfpga_lite/18.1/nios2eds/bin/gnu/h-x86_64-mingw32/bin/../lib/gcc/nios2-elf/5.3.0/mhw-mulx\libgcc.a(subsf3.o)
                              obj/default/task_4.o (__subsf3)
d:/imperial_college/dsd24/intelfpga_lite/18.1/nios2eds/bin/gnu/h-x86_64-mingw32/bin/../lib/gcc/nios2-elf/5.3.0/mhw-mulx\libgcc.a(fixsfsi.o)
                              obj/default/task_4.o (__fixsfsi)
d:/imperial_college/dsd24/intelfpga_lite/18.1/nios2eds/bin/gnu/h-x86_64-mingw32/bin/../lib/gcc/nios2-elf/5.3.0/mhw-mulx\libgcc.a(adddf3.o)
                              obj/default/task_4.o (__adddf3)
d:/imperial_college/dsd24/intelfpga_lite/18.1/nios2eds/bin/gnu/h-x86_64-mingw32/bin/../lib/gcc/nios2-elf/5.3.0/mhw-mulx\libgcc.a(muldf3.o)
                              obj/default/task_4.o (__muldf3)
d:/imperial_college/dsd24/intelfpga_lite/18.1/nios2eds/bin/gnu/h-x86_64-mingw32/bin/../lib/gcc/nios2-elf/5.3.0/mhw-mulx\libgcc.a(subdf3.o)
                              obj/default/task_4.o (__subdf3)
d:/imperial_college/dsd24/intelfpga_lite/18.1/nios2eds/bin/gnu/h-x86_64-mingw32/bin/../lib/gcc/nios2-elf/5.3.0/mhw-mulx\libgcc.a(extendsfdf2.o)
                              obj/default/task_4.o (__extendsfdf2)
d:/imperial_college/dsd24/intelfpga_lite/18.1/nios2eds/bin/gnu/h-x86_64-mingw32/bin/../lib/gcc/nios2-elf/5.3.0/mhw-mulx\libgcc.a(truncdfsf2.o)
                              obj/default/task_4.o (__truncdfsf2)
d:/imperial_college/dsd24/intelfpga_lite/18.1/nios2eds/bin/gnu/h-x86_64-mingw32/bin/../lib/gcc/nios2-elf/5.3.0/mhw-mulx\libgcc.a(_clzsi2.o)
                              d:/imperial_college/dsd24/intelfpga_lite/18.1/nios2eds/bin/gnu/h-x86_64-mingw32/bin/../lib/gcc/nios2-elf/5.3.0/mhw-mulx\libgcc.a(addsf3.o) (__clzsi2)
d:/imperial_college/dsd24/intelfpga_lite/18.1/nios2eds/bin/gnu/h-x86_64-mingw32/bin/../lib/gcc/nios2-elf/5.3.0/mhw-mulx\libgcc.a(_clz.o)
                              d:/imperial_college/dsd24/intelfpga_lite/18.1/nios2eds/bin/gnu/h-x86_64-mingw32/bin/../lib/gcc/nios2-elf/5.3.0/mhw-mulx\libgcc.a(_clzsi2.o) (__clz_tab)
d:/imperial_college/dsd24/intelfpga_lite/18.1/nios2eds/bin/gnu/h-x86_64-mingw32/bin/../lib/gcc/nios2-elf/5.3.0/../../../../../H-x86_64-mingw32/nios2-elf/lib/mhw-mulx\libc.a(lib_a-printf.o)
                              obj/default/task_4.o (printf)
d:/imperial_college/dsd24/intelfpga_lite/18.1/nios2eds/bin/gnu/h-x86_64-mingw32/bin/../lib/gcc/nios2-elf/5.3.0/../../../../../H-x86_64-mingw32/nios2-elf/lib/mhw-mulx\libc.a(lib_a-vfprintf.o)
                              d:/imperial_college/dsd24/intelfpga_lite/18.1/nios2eds/bin/gnu/h-x86_64-mingw32/bin/../lib/gcc/nios2-elf/5.3.0/../../../../../H-x86_64-mingw32/nios2-elf/lib/mhw-mulx\libc.a(lib_a-printf.o) (___vfprintf_internal_r)
d:/imperial_college/dsd24/intelfpga_lite/18.1/nios2eds/bin/gnu/h-x86_64-mingw32/bin/../lib/gcc/nios2-elf/5.3.0/../../../../../H-x86_64-mingw32/nios2-elf/lib/mhw-mulx\libc.a(lib_a-wsetup.o)
                              d:/imperial_college/dsd24/intelfpga_lite/18.1/nios2eds/bin/gnu/h-x86_64-mingw32/bin/../lib/gcc/nios2-elf/5.3.0/../../../../../H-x86_64-mingw32/nios2-elf/lib/mhw-mulx\libc.a(lib_a-vfprintf.o) (__swsetup_r)
d:/imperial_college/dsd24/intelfpga_lite/18.1/nios2eds/bin/gnu/h-x86_64-mingw32/bin/../lib/gcc/nios2-elf/5.3.0/../../../../../H-x86_64-mingw32/nios2-elf/lib/mhw-mulx\libc.a(lib_a-dtoa.o)
                              d:/imperial_college/dsd24/intelfpga_lite/18.1/nios2eds/bin/gnu/h-x86_64-mingw32/bin/../lib/gcc/nios2-elf/5.3.0/../../../../../H-x86_64-mingw32/nios2-elf/lib/mhw-mulx\libc.a(lib_a-vfprintf.o) (_dtoa_r)
d:/imperial_college/dsd24/intelfpga_lite/18.1/nios2eds/bin/gnu/h-x86_64-mingw32/bin/../lib/gcc/nios2-elf/5.3.0/../../../../../H-x86_64-mingw32/nios2-elf/lib/mhw-mulx\libc.a(lib_a-fflush.o)
                              d:/imperial_college/dsd24/intelfpga_lite/18.1/nios2eds/bin/gnu/h-x86_64-mingw32/bin/../lib/gcc/nios2-elf/5.3.0/../../../../../H-x86_64-mingw32/nios2-elf/lib/mhw-mulx\libc.a(lib_a-vfprintf.o) (_fflush_r)
d:/imperial_college/dsd24/intelfpga_lite/18.1/nios2eds/bin/gnu/h-x86_64-mingw32/bin/../lib/gcc/nios2-elf/5.3.0/../../../../../H-x86_64-mingw32/nios2-elf/lib/mhw-mulx\libc.a(lib_a-findfp.o)
[...]
Memory Configuration

Name             Origin             Length             Attributes
reset            0x0000000000800000 0x0000000000000020
sdram            0x0000000000800020 0x00000000007fffe0
*default*        0x0000000000000000 0xffffffffffffffff

Linker script and memory map

LOAD ../task_4_bsp//obj/HAL/src/crt0.o
LOAD obj/default/task_4.o
LOAD d:/imperial_college/dsd24/intelfpga_lite/18.1/nios2eds/bin/gnu/h-x86_64-mingw32/bin/../lib/gcc/nios2-elf/5.3.0/../../../../../H-x86_64-mingw32/nios2-elf/lib/mhw-mulx\libstdc++.a
LOAD d:/imperial_college/dsd24/intelfpga_lite/18.1/nios2eds/bin/gnu/h-x86_64-mingw32/bin/../lib/gcc/nios2-elf/5.3.0/../../../../../H-x86_64-mingw32/nios2-elf/lib/mhw-mulx\libm.a
LOAD d:/imperial_college/dsd24/intelfpga_lite/18.1/nios2eds/bin/gnu/h-x86_64-mingw32/bin/../lib/gcc/nios2-elf/5.3.0/mhw-mulx\libgcc.a
START GROUP
LOAD d:/imperial_college/dsd24/intelfpga_lite/18.1/nios2eds/bin/gnu/h-x86_64-mingw32/bin/../lib/gcc/nios2-elf/5.3.0/../../../../../H-x86_64-mingw32/nios2-elf/lib/mhw-mulx\libc.a
LOAD d:/imperial_college/dsd24/intelfpga_lite/18.1/nios2eds/bin/gnu/h-x86_64-mingw32/bin/../lib/gcc/nios2-elf/5.3.0/mhw-mulx\libgcc.a
LOAD ../task_4_bsp/\libhal_bsp.a
LOAD d:/imperial_college/dsd24/intelfpga_lite/18.1/nios2eds/bin/gnu/h-x86_64-mingw32/bin/../lib/gcc/nios2-elf/5.3.0/../../../../../H-x86_64-mingw32/nios2-elf/lib/mhw-mulx\libm.a
END GROUP
LOAD d:/imperial_college/dsd24/intelfpga_lite/18.1/nios2eds/bin/gnu/h-x86_64-mingw32/bin/../lib/gcc/nios2-elf/5.3.0/mhw-mulx\libgcc.a
                0x0000000000800000                __alt_mem_sdram = 0x800000

.entry          0x0000000000800000       0x20
 *(.entry)
 .entry         0x0000000000800000       0x20 ../task_4_bsp//obj/HAL/src/crt0.o
                0x0000000000800000                __reset

.exceptions     0x0000000000800020      0x224
                0x0000000000800020                PROVIDE (__ram_exceptions_start, ABSOLUTE (.))
                0x0000000000800020                . = ALIGN (0x20)
 *(.irq)
 *(.exceptions.entry.label)
 .exceptions.entry.label
                0x0000000000800020        0x0 ../task_4_bsp/\libhal_bsp.a(alt_irq_entry.o)
                0x0000000000800020                alt_irq_entry
 .exceptions.entry.label
                0x0000000000800020        0x0 ../task_4_bsp/\libhal_bsp.a(alt_exception_entry.o)
                0x0000000000800020                alt_exception
 *(.exceptions.entry.user)
 *(.exceptions.entry.ecc_fatal)
 *(.exceptions.entry)
 .exceptions.entry
                0x0000000000800020       0x54 ../task_4_bsp/\libhal_bsp.a(alt_exception_entry.o)
 *(.exceptions.irqtest.user)
 *(.exceptions.irqtest)
 .exceptions.irqtest
                0x0000000000800074       0x10 ../task_4_bsp/\libhal_bsp.a(alt_irq_entry.o)
 *(.exceptions.irqhandler.user)
 *(.exceptions.irqhandler)
 .exceptions.irqhandler
                0x0000000000800084        0x4 ../task_4_bsp/\libhal_bsp.a(alt_irq_entry.o)
 *(.exceptions.irqreturn.user)
 *(.exceptions.irqreturn)
 .exceptions.irqreturn
                0x0000000000800088        0x4 ../task_4_bsp/\libhal_bsp.a(alt_irq_entry.o)
 *(.exceptions.notirq.label)
 .exceptions.notirq.label
                0x000000000080008c        0x0 ../task_4_bsp/\libhal_bsp.a(alt_irq_entry.o)
 *(.exceptions.notirq.user)
 *(.exceptions.notirq)
 .exceptions.notirq
                0x000000000080008c        0x8 ../task_4_bsp/\libhal_bsp.a(alt_exception_entry.o)
 *(.exceptions.soft.user)
 *(.exceptions.soft)
 *(.exceptions.unknown.user)
 *(.exceptions.unknown)
 .exceptions.unknown
                0x0000000000800094       0x14 ../task_4_bsp/\libhal_bsp.a(alt_exception_entry.o)
 *(.exceptions.exit.label)
 .exceptions.exit.label
                0x00000000008000a8        0x0 ../task_4_bsp/\libhal_bsp.a(alt_irq_entry.o)
 .exceptions.exit.label
                0x00000000008000a8        0x0 ../task_4_bsp/\libhal_bsp.a(alt_exception_entry.o)
 *(.exceptions.exit.user)
 *(.exceptions.exit)
 .exceptions.exit
                0x00000000008000a8       0x54 ../task_4_bsp/\libhal_bsp.a(alt_exception_entry.o)
 *(.exceptions)
 .exceptions    0x00000000008000fc       0xd4 ../task_4_bsp/\libhal_bsp.a(alt_irq_handler.o)
                0x00000000008000fc                alt_irq_handler
 .exceptions    0x00000000008001d0       0x74 ../task_4_bsp/\libhal_bsp.a(alt_instruction_exception_entry.o)
                0x00000000008001d0                alt_instruction_exception_entry
                0x0000000000800244                PROVIDE (__ram_exceptions_end, ABSOLUTE (.))
                0x0000000000800020                PROVIDE (__flash_exceptions_start, LOADADDR (.exceptions))

.text           0x0000000000800244    0x10d64
                [!provide]                        PROVIDE (stext, ABSOLUTE (.))
 *(.interp)
 *(.hash)
 *(.dynsym)
 *(.dynstr)
 *(.gnu.version)
 *(.gnu.version_d)
 *(.gnu.version_r)
 *(.rel.init)
 *(.rela.init)
 *(.rel.text .rel.text.* .rel.gnu.linkonce.t.*)
 *(.rela.text .rela.text.* .rela.gnu.linkonce.t.*)
 *(.rel.fini)
 *(.rela.fini)
 *(.rel.rodata .rel.rodata.* .rel.gnu.linkonce.r.*)
 *(.rela.rodata .rela.rodata.* .rela.gnu.linkonce.r.*)
 *(.rel.data .rel.data.* .rel.gnu.linkonce.d.*)
 *(.rela.data .rela.data.* .rela.gnu.linkonce.d.*)
 *(.rel.tdata .rel.tdata.* .rel.gnu.linkonce.td.*)
 *(.rela.tdata .rela.tdata.* .rela.gnu.linkonce.td.*)
 *(.rel.tbss .rel.tbss.* .rel.gnu.linkonce.tb.*)
 *(.rela.tbss .rela.tbss.* .rela.gnu.linkonce.tb.*)
 *(.rel.ctors)
 *(.rela.ctors)
 *(.rel.dtors)
 *(.rela.dtors)
 *(.rel.got)
 *(.rela.got)
 *(.rel.sdata .rel.sdata.* .rel.gnu.linkonce.s.*)
 *(.rela.sdata .rela.sdata.* .rela.gnu.linkonce.s.*)
 *(.rel.sbss .rel.sbss.* .rel.gnu.linkonce.sb.*)
 *(.rela.sbss .rela.sbss.* .rela.gnu.linkonce.sb.*)
 *(.rel.sdata2 .rel.sdata2.* .rel.gnu.linkonce.s2.*)
 *(.rela.sdata2 .rela.sdata2.* .rela.gnu.linkonce.s2.*)
 *(.rel.sbss2 .rel.sbss2.* .rel.gnu.linkonce.sb2.*)
 *(.rela.sbss2 .rela.sbss2.* .rela.gnu.linkonce.sb2.*)
 *(.rel.bss .rel.bss.* .rel.gnu.linkonce.b.*)
 *(.rela.bss .rela.bss.* .rela.gnu.linkonce.b.*)
 *(.rel.plt)
 *(.rela.plt)
 *(.rel.dyn)
 *(.init)
 *(.plt)
 *(.text .stub .text.* .gnu.linkonce.t.*)
 .text          0x0000000000800244       0x4c ../task_4_bsp//obj/HAL/src/crt0.o
                0x0000000000800244                _start
 .text          0x0000000000800290      0x668 obj/default/task_4.o
                0x0000000000800290                generateVector
                0x000000000080034c                sumVector
                0x0000000000800774                main
 .text          0x00000000008008f8      0x4c8 d:/imperial_college/dsd24/intelfpga_lite/18.1/nios2eds/bin/gnu/h-x86_64-mingw32/bin/../lib/gcc/nios2-elf/5.3.0/mhw-mulx\libgcc.a(addsf3.o)
                0x00000000008008f8                __addsf3
 .text          0x0000000000800dc0      0x440 d:/imperial_college/dsd24/intelfpga_lite/18.1/nios2eds/bin/gnu/h-x86_64-mingw32/bin/../lib/gcc/nios2-elf/5.3.0/mhw-mulx\libgcc.a(divsf3.o)
                0x0000000000800dc0                __divsf3
 .text          0x0000000000801200      0x3fc d:/imperial_college/dsd24/intelfpga_lite/18.1/nios2eds/bin/gnu/h-x86_64-mingw32/bin/../lib/gcc/nios2-elf/5.3.0/mhw-mulx\libgcc.a(mulsf3.o)
                0x0000000000801200                __mulsf3
 .text          0x00000000008015fc      0x4e4 d:/imperial_college/dsd24/intelfpga_lite/18.1/nios2eds/bin/gnu/h-x86_64-mingw32/bin/../lib/gcc/nios2-elf/5.3.0/mhw-mulx\libgcc.a(subsf3.o)
                0x00000000008015fc                __subsf3
 .text          0x0000000000801ae0       0x70 d:/imperial_college/dsd24/intelfpga_lite/18.1/nios2eds/bin/gnu/h-x86_64-mingw32/bin/../lib/gcc/nios2-elf/5.3.0/mhw-mulx\libgcc.a(fixsfsi.o)
                0x0000000000801ae0                __fixsfsi
 .text          0x0000000000801b50      0x8ac d:/imperial_college/dsd24/intelfpga_lite/18.1/nios2eds/bin/gnu/h-x86_64-mingw32/bin/../lib/gcc/nios2-elf/5.3.0/mhw-mulx\libgcc.a(adddf3.o)
                0x0000000000801b50                __adddf3
 .text          0x00000000008023fc      0x718 d:/imperial_college/dsd24/intelfpga_lite/18.1/nios2eds/bin/gnu/h-x86_64-mingw32/bin/../lib/gcc/nios2-elf/5.3.0/mhw-mulx\libgcc.a(muldf3.o)
                0x00000000008023fc                __muldf3
 .text          0x0000000000802b14      0x8fc d:/imperial_college/dsd24/intelfpga_lite/18.1/nios2eds/bin/gnu/h-x86_64-mingw32/bin/../lib/gcc/nios2-elf/5.3.0/mhw-mulx\libgcc.a(subdf3.o)
                0x0000000000802b14                __subdf3
 .text          0x0000000000803410      0x110 d:/imperial_college/dsd24/intelfpga_lite/18.1/nios2eds/bin/gnu/h-x86_64-mingw32/bin/../lib/gcc/nios2-elf/5.3.0/mhw-mulx\libgcc.a(extendsfdf2.o)
                0x0000000000803410                __extendsfdf2
 .text          0x0000000000803520      0x1a8 d:/imperial_college/dsd24/intelfpga_lite/18.1/nios2eds/bin/gnu/h-x86_64-mingw32/bin/../lib/gcc/nios2-elf/5.3.0/mhw-mulx\libgcc.a(truncdfsf2.o)
                0x0000000000803520                __truncdfsf2
 .text          0x00000000008036c8       0x64 d:/imperial_college/dsd24/intelfpga_lite/18.1/nios2eds/bin/gnu/h-x86_64-mingw32/bin/../lib/gcc/nios2-elf/5.3.0/mhw-mulx\libgcc.a(_clzsi2.o)
                0x00000000008036c8                __clzsi2
 .text          0x000000000080372c        0x0 d:/imperial_college/dsd24/intelfpga_lite/18.1/nios2eds/bin/gnu/h-x86_64-mingw32/bin/../lib/gcc/nios2-elf/5.3.0/mhw-mulx\libgcc.a(_clz.o)
 .text          0x000000000080372c        0x0 d:/imperial_college/dsd24/intelfpga_lite/18.1/nios2eds/bin/gnu/h-x86_64-mingw32/bin/../lib/gcc/nios2-elf/5.3.0/../../../../../H-x86_64-mingw32/nios2-elf/lib/mhw-mulx\libc.a(lib_a-printf.o)
 .text._printf_r
                0x000000000080372c       0x30 d:/imperial_college/dsd24/intelfpga_lite/18.1/nios2eds/bin/gnu/h-x86_64-mingw32/bin/../lib/gcc/nios2-elf/5.3.0/../../../../../H-x86_64-mingw32/nios2-elf/lib/mhw-mulx\libc.a(lib_a-printf.o)
                0x000000000080372c                _printf_r
 .text.printf   0x000000000080375c       0x3c d:/imperial_college/dsd24/intelfpga_lite/18.1/nios2eds/bin/gnu/h-x86_64-mingw32/bin/../lib/gcc/nios2-elf/5.3.0/../../../../../H-x86_64-mingw32/nios2-elf/lib/mhw-mulx\libc.a(lib_a-printf.o)
                0x000000000080375c                printf
 .text          0x0000000000803798        0x0 d:/imperial_college/dsd24/intelfpga_lite/18.1/nios2eds/bin/gnu/h-x86_64-mingw32/bin/../lib/gcc/nios2-elf/5.3.0/../../../../../H-x86_64-mingw32/nios2-elf/lib/mhw-mulx\libc.a(lib_a-vfprintf.o)
 .text.___vfprintf_internal_r
                0x0000000000803798     0x21f8 d:/imperial_college/dsd24/intelfpga_lite/18.1/nios2eds/bin/gnu/h-x86_64-mingw32/bin/../lib/gcc/nios2-elf/5.3.0/../../../../../H-x86_64-mingw32/nios2-elf/lib/mhw-mulx\libc.a(lib_a-vfprintf.o)
                0x0000000000803798                ___vfprintf_internal_r
 .text.__vfprintf_internal
                0x0000000000805990       0x1c d:/imperial_college/dsd24/intelfpga_lite/18.1/nios2eds/bin/gnu/h-x86_64-mingw32/bin/../lib/gcc/nios2-elf/5.3.0/../../../../../H-x86_64-mingw32/nios2-elf/lib/mhw-mulx\libc.a(lib_a-vfprintf.o)
                0x0000000000805990                __vfprintf_internal
 .text.__sbprintf
                0x00000000008059ac       0xbc d:/imperial_college/dsd24/intelfpga_lite/18.1/nios2eds/bin/gnu/h-x86_64-mingw32/bin/../lib/gcc/nios2-elf/5.3.0/../../../../../H-x86_64-mingw32/nios2-elf/lib/mhw-mulx\libc.a(lib_a-vfprintf.o)
 .text          0x0000000000805a68        0x0 d:/imperial_college/dsd24/intelfpga_lite/18.1/nios2eds/bin/gnu/h-x86_64-mingw32/bin/../lib/gcc/nios2-elf/5.3.0/../../../../../H-x86_64-mingw32/nios2-elf/lib/mhw-mulx\libc.a(lib_a-wsetup.o)
 .text.__swsetup_r
                0x0000000000805a68      0x154 d:/imperial_college/dsd24/intelfpga_lite/18.1/nios2eds/bin/gnu/h-x86_64-mingw32/bin/../lib/gcc/nios2-elf/5.3.0/../../../../../H-x86_64-mingw32/nios2-elf/lib/mhw-mulx\libc.a(lib_a-wsetup.o)
                0x0000000000805a68                __swsetup_r
 .text          0x0000000000805bbc        0x0 d:/imperial_college/dsd24/intelfpga_lite/18.1/nios2eds/bin/gnu/h-x86_64-mingw32/bin/../lib/gcc/nios2-elf/5.3.0/../../../../../H-x86_64-mingw32/nios2-elf/lib/mhw-mulx\libc.a(lib_a-dtoa.o)
 .text.quorem   0x0000000000805bbc      0x200 d:/imperial_college/dsd24/intelfpga_lite/18.1/nios2eds/bin/gnu/h-x86_64-mingw32/bin/../lib/gcc/nios2-elf/5.3.0/../../../../../H-x86_64-mingw32/nios2-elf/lib/mhw-mulx\libc.a(lib_a-dtoa.o)
 .text._dtoa_r  0x0000000000805dbc     0x1688 d:/imperial_college/dsd24/intelfpga_lite/18.1/nios2eds/bin/gnu/h-x86_64-mingw32/bin/../lib/gcc/nios2-elf/5.3.0/../../../../../H-x86_64-mingw32/nios2-elf/lib/mhw-mulx\libc.a(lib_a-dtoa.o)
                0x0000000000805dbc                _dtoa_r
 .text          0x0000000000807444        0x0 d:/imperial_college/dsd24/intelfpga_lite/18.1/nios2eds/bin/gnu/h-x86_64-mingw32/bin/../lib/gcc/nios2-elf/5.3.0/../../../../../H-x86_64-mingw32/nios2-elf/lib/mhw-mulx\libc.a(lib_a-fflush.o)
 .text.__sflush_r
                0x0000000000807444      0x21c d:/imperial_college/dsd24/intelfpga_lite/18.1/nios2eds/bin/gnu/h-x86_64-mingw32/bin/../lib/gcc/nios2-elf/5.3.0/../../../../../H-x86_64-mingw32/nios2-elf/lib/mhw-mulx\libc.a(lib_a-fflush.o)
                0x0000000000807444                __sflush_r
 .text._fflush_r
                0x0000000000807660       0x5c d:/imperial_college/dsd24/intelfpga_lite/18.1/nios2eds/bin/gnu/h-x86_64-mingw32/bin/../lib/gcc/nios2-elf/5.3.0/../../../../../H-x86_64-mingw32/nios2-elf/lib/mhw-mulx\libc.a(lib_a-fflush.o)
                0x0000000000807660                _fflush_r
 .text.fflush   0x00000000008076bc       0x30 d:/imperial_college/dsd24/intelfpga_lite/18.1/nios2eds/bin/gnu/h-x86_64-mingw32/bin/../lib/gcc/nios2-elf/5.3.0/../../../../../H-x86_64-mingw32/nios2-elf/lib/mhw-mulx\libc.a(lib_a-fflush.o)
                0x00000000008076bc                fflush
 .text          0x00000000008076ec        0x0 d:/imperial_college/dsd24/intelfpga_lite/18.1/nios2eds/bin/gnu/h-x86_64-mingw32/bin/../lib/gcc/nios2-elf/5.3.0/../../../../../H-x86_64-mingw32/nios2-elf/lib/mhw-mulx\libc.a(lib_a-findfp.o)
 .text.__fp_unlock
                0x00000000008076ec        0x8 d:/imperial_college/dsd24/intelfpga_lite/18.1/nios2eds/bin/gnu/h-x86_64-mingw32/bin/../lib/gcc/nios2-elf/5.3.0/../../../../../H-x86_64-mingw32/nios2-elf/lib/mhw-mulx\libc.a(lib_a-findfp.o)
 .text._cleanup_r
                0x00000000008076f4        0xc d:/imperial_college/dsd24/intelfpga_lite/18.1/nios2eds/bin/gnu/h-x86_64-mingw32/bin/../lib/gcc/nios2-elf/5.3.0/../../../../../H-x86_64-mingw32/nios2-elf/lib/mhw-mulx\libc.a(lib_a-findfp.o)
                0x00000000008076f4                _cleanup_r
 .text.__sinit.part.1
                0x0000000000807700      0x19c d:/imperial_college/dsd24/intelfpga_lite/18.1/nios2eds/bin/gnu/h-x86_64-mingw32/bin/../lib/gcc/nios2-elf/5.3.0/../../../../../H-x86_64-mingw32/nios2-elf/lib/mhw-mulx\libc.a(lib_a-findfp.o)
 .text.__fp_lock
                0x000000000080789c        0x8 d:/imperial_college/dsd24/intelfpga_lite/18.1/nios2eds/bin/gnu/h-x86_64-mingw32/bin/../lib/gcc/nios2-elf/5.3.0/../../../../../H-x86_64-mingw32/nios2-elf/lib/mhw-mulx\libc.a(lib_a-findfp.o)
 .text.__sfmoreglue
                0x00000000008078a4       0x68 d:/imperial_college/dsd24/intelfpga_lite/18.1/nios2eds/bin/gnu/h-x86_64-mingw32/bin/../lib/gcc/nios2-elf/5.3.0/../../../../../H-x86_64-mingw32/nios2-elf/lib/mhw-mulx\libc.a(lib_a-findfp.o)
                0x00000000008078a4                __sfmoreglue
 .text.__sfp    0x000000000080790c      0x118 d:/imperial_college/dsd24/intelfpga_lite/18.1/nios2eds/bin/gnu/h-x86_64-mingw32/bin/../lib/gcc/nios2-elf/5.3.0/../../../../../H-x86_64-mingw32/nios2-elf/lib/mhw-mulx\libc.a(lib_a-findfp.o)
                0x000000000080790c                __sfp
 .text._cleanup
                0x0000000000807a24       0x18 d:/imperial_college/dsd24/intelfpga_lite/18.1/nios2eds/bin/gnu/h-x86_64-mingw32/bin/../lib/gcc/nios2-elf/5.3.0/../../../../../H-x86_64-mingw32/nios2-elf/lib/mhw-mulx\libc.a(lib_a-findfp.o)
                0x0000000000807a24                _cleanup
 .text.__sinit  0x0000000000807a3c       0x10 d:/imperial_college/dsd24/intelfpga_lite/18.1/nios2eds/bin/gnu/h-x86_64-mingw32/bin/../lib/gcc/nios2-elf/5.3.0/../../../../../H-x86_64-mingw32/nios2-elf/lib/mhw-mulx\libc.a(lib_a-findfp.o)
                0x0000000000807a3c                __sinit
 .text.__sfp_lock_acquire
                0x0000000000807a4c        0x4 d:/imperial_college/dsd24/intelfpga_lite/18.1/nios2eds/bin/gnu/h-x86_64-mingw32/bin/../lib/gcc/nios2-elf/5.3.0/../../../../../H-x86_64-mingw32/nios2-elf/lib/mhw-mulx\libc.a(lib_a-findfp.o)
                0x0000000000807a4c                __sfp_lock_acquire
 .text.__sfp_lock_release
                0x0000000000807a50        0x4 d:/imperial_college/dsd24/intelfpga_lite/18.1/nios2eds/bin/gnu/h-x86_64-mingw32/bin/../lib/gcc/nios2-elf/5.3.0/../../../../../H-x86_64-mingw32/nios2-elf/lib/mhw-mulx\libc.a(lib_a-findfp.o)
                0x0000000000807a50                __sfp_lock_release
 .text.__sinit_lock_acquire
                0x0000000000807a54        0x4 d:/imperial_college/dsd24/intelfpga_lite/18.1/nios2eds/bin/gnu/h-x86_64-mingw32/bin/../lib/gcc/nios2-elf/5.3.0/../../../../../H-x86_64-mingw32/nios2-elf/lib/mhw-mulx\libc.a(lib_a-findfp.o)
                0x0000000000807a54                __sinit_lock_acquire
 .text.__sinit_lock_release
                0x0000000000807a58        0x4 d:/imperial_college/dsd24/intelfpga_lite/18.1/nios2eds/bin/gnu/h-x86_64-mingw32/bin/../lib/gcc/nios2-elf/5.3.0/../../../../../H-x86_64-mingw32/nios2-elf/lib/mhw-mulx\libc.a(lib_a-findfp.o)
                0x0000000000807a58                __sinit_lock_release
 .text.__fp_lock_all
                0x0000000000807a5c       0x18 d:/imperial_college/dsd24/intelfpga_lite/18.1/nios2eds/bin/gnu/h-x86_64-mingw32/bin/../lib/gcc/nios2-elf/5.3.0/../../../../../H-x86_64-mingw32/nios2-elf/lib/mhw-mulx\libc.a(lib_a-findfp.o)
                0x0000000000807a5c                __fp_lock_all
 .text.__fp_unlock_all
                0x0000000000807a74       0x18 d:/imperial_college/dsd24/intelfpga_lite/18.1/nios2eds/bin/gnu/h-x86_64-mingw32/bin/../lib/gcc/nios2-elf/5.3.0/../../../../../H-x86_64-mingw32/nios2-elf/lib/mhw-mulx\libc.a(lib_a-findfp.o)
                0x0000000000807a74                __fp_unlock_all
 .text          0x0000000000807a8c        0x0 d:/imperial_college/dsd24/intelfpga_lite/18.1/nios2eds/bin/gnu/h-x86_64-mingw32/bin/../lib/gcc/nios2-elf/5.3.0/../../../../../H-x86_64-mingw32/nios2-elf/lib/mhw-mulx\libc.a(lib_a-freer.o)
 .text._malloc_trim_r
                0x0000000000807a8c      0x124 d:/imperial_college/dsd24/intelfpga_lite/18.1/nios2eds/bin/gnu/h-x86_64-mingw32/bin/../lib/gcc/nios2-elf/5.3.0/../../../../../H-x86_64-mingw32/nios2-elf/lib/mhw-mulx\libc.a(lib_a-freer.o)
                0x0000000000807a8c                _malloc_trim_r
 .text._free_r  0x0000000000807bb0      0x310 d:/imperial_college/dsd24/intelfpga_lite/18.1/nios2eds/bin/gnu/h-x86_64-mingw32/bin/../lib/gcc/nios2-elf/5.3.0/../../../../../H-x86_64-mingw32/nios2-elf/lib/mhw-mulx\libc.a(lib_a-freer.o)
                0x0000000000807bb0                _free_r
 .text          0x0000000000807ec0        0x0 d:/imperial_college/dsd24/intelfpga_lite/18.1/nios2eds/bin/gnu/h-x86_64-mingw32/bin/../lib/gcc/nios2-elf/5.3.0/../../../../../H-x86_64-mingw32/nios2-elf/lib/mhw-mulx\libc.a(lib_a-fwalk.o)
 .text._fwalk   0x0000000000807ec0       0xc4 d:/imperial_college/dsd24/intelfpga_lite/18.1/nios2eds/bin/gnu/h-x86_64-mingw32/bin/../lib/gcc/nios2-elf/5.3.0/../../../../../H-x86_64-mingw32/nios2-elf/lib/mhw-mulx\libc.a(lib_a-fwalk.o)
                0x0000000000807ec0                _fwalk
 .text._fwalk_reent
                0x0000000000807f84       0xc4 d:/imperial_college/dsd24/intelfpga_lite/18.1/nios2eds/bin/gnu/h-x86_64-mingw32/bin/../lib/gcc/nios2-elf/5.3.0/../../../../../H-x86_64-mingw32/nios2-elf/lib/mhw-mulx\libc.a(lib_a-fwalk.o)
                0x0000000000807f84                _fwalk_reent
 .text          0x0000000000808048        0x0 d:/imperial_college/dsd24/intelfpga_lite/18.1/nios2eds/bin/gnu/h-x86_64-mingw32/bin/../lib/gcc/nios2-elf/5.3.0/../../../../../H-x86_64-mingw32/nios2-elf/lib/mhw-mulx\libc.a(lib_a-impure.o)
 .text          0x0000000000808048        0x0 d:/imperial_college/dsd24/intelfpga_lite/18.1/nios2eds/bin/gnu/h-x86_64-mingw32/bin/../lib/gcc/nios2-elf/5.3.0/../../../../../H-x86_64-mingw32/nios2-elf/lib/mhw-mulx\libc.a(lib_a-locale.o)
 .text._setlocale_r
                0x0000000000808048       0x7c d:/imperial_college/dsd24/intelfpga_lite/18.1/nios2eds/bin/gnu/h-x86_64-mingw32/bin/../lib/gcc/nios2-elf/5.3.0/../../../../../H-x86_64-mingw32/nios2-elf/lib/mhw-mulx\libc.a(lib_a-locale.o)
                0x0000000000808048                _setlocale_r
 .text.__locale_charset
                0x00000000008080c4        0xc d:/imperial_college/dsd24/intelfpga_lite/18.1/nios2eds/bin/gnu/h-x86_64-mingw32/bin/../lib/gcc/nios2-elf/5.3.0/../../../../../H-x86_64-mingw32/nios2-elf/lib/mhw-mulx\libc.a(lib_a-locale.o)
                0x00000000008080c4                __locale_charset
 .text.__locale_mb_cur_max
                0x00000000008080d0       0x10 d:/imperial_college/dsd24/intelfpga_lite/18.1/nios2eds/bin/gnu/h-x86_64-mingw32/bin/../lib/gcc/nios2-elf/5.3.0/../../../../../H-x86_64-mingw32/nios2-elf/lib/mhw-mulx\libc.a(lib_a-locale.o)
                0x00000000008080d0                __locale_mb_cur_max
 .text.__locale_msgcharset
                0x00000000008080e0        0xc d:/imperial_college/dsd24/intelfpga_lite/18.1/nios2eds/bin/gnu/h-x86_64-mingw32/bin/../lib/gcc/nios2-elf/5.3.0/../../../../../H-x86_64-mingw32/nios2-elf/lib/mhw-mulx\libc.a(lib_a-locale.o)
                0x00000000008080e0                __locale_msgcharset
 .text.__locale_cjk_lang
                0x00000000008080ec        0x8 d:/imperial_college/dsd24/intelfpga_lite/18.1/nios2eds/bin/gnu/h-x86_64-mingw32/bin/../lib/gcc/nios2-elf/5.3.0/../../../../../H-x86_64-mingw32/nios2-elf/lib/mhw-mulx\libc.a(lib_a-locale.o)
                0x00000000008080ec                __locale_cjk_lang
 .text._localeconv_r
                0x00000000008080f4        0xc d:/imperial_college/dsd24/intelfpga_lite/18.1/nios2eds/bin/gnu/h-x86_64-mingw32/bin/../lib/gcc/nios2-elf/5.3.0/../../../../../H-x86_64-mingw32/nios2-elf/lib/mhw-mulx\libc.a(lib_a-locale.o)
                0x00000000008080f4                _localeconv_r
 .text.setlocale
                0x0000000000808100       0x18 d:/imperial_college/dsd24/intelfpga_lite/18.1/nios2eds/bin/gnu/h-x86_64-mingw32/bin/../lib/gcc/nios2-elf/5.3.0/../../../../../H-x86_64-mingw32/nios2-elf/lib/mhw-mulx\libc.a(lib_a-locale.o)
                0x0000000000808100                setlocale
 .text.localeconv
                0x0000000000808118        0xc d:/imperial_college/dsd24/intelfpga_lite/18.1/nios2eds/bin/gnu/h-x86_64-mingw32/bin/../lib/gcc/nios2-elf/5.3.0/../../../../../H-x86_64-mingw32/nios2-elf/lib/mhw-mulx\libc.a(lib_a-locale.o)
                0x0000000000808118                localeconv
 .text          0x0000000000808124        0x0 d:/imperial_college/dsd24/intelfpga_lite/18.1/nios2eds/bin/gnu/h-x86_64-mingw32/bin/../lib/gcc/nios2-elf/5.3.0/../../../../../H-x86_64-mingw32/nios2-elf/lib/mhw-mulx\libc.a(lib_a-makebuf.o)
 .text.__smakebuf_r
                0x0000000000808124      0x1bc d:/imperial_college/dsd24/intelfpga_lite/18.1/nios2eds/bin/gnu/h-x86_64-mingw32/bin/../lib/gcc/nios2-elf/5.3.0/../../../../../H-x86_64-mingw32/nios2-elf/lib/mhw-mulx\libc.a(lib_a-makebuf.o)
                0x0000000000808124                __smakebuf_r
 .text          0x00000000008082e0        0x0 d:/imperial_college/dsd24/intelfpga_lite/18.1/nios2eds/bin/gnu/h-x86_64-mingw32/bin/../lib/gcc/nios2-elf/5.3.0/../../../../../H-x86_64-mingw32/nios2-elf/lib/mhw-mulx\libc.a(lib_a-mallocr.o)
 .text._malloc_r
                0x00000000008082e0      0x80c d:/imperial_college/dsd24/intelfpga_lite/18.1/nios2eds/bin/gnu/h-x86_64-mingw32/bin/../lib/gcc/nios2-elf/5.3.0/../../../../../H-x86_64-mingw32/nios2-elf/lib/mhw-mulx\libc.a(lib_a-mallocr.o)
                0x00000000008082e0                _malloc_r
 .text          0x0000000000808aec        0x0 d:/imperial_college/dsd24/intelfpga_lite/18.1/nios2eds/bin/gnu/h-x86_64-mingw32/bin/../lib/gcc/nios2-elf/5.3.0/../../../../../H-x86_64-mingw32/nios2-elf/lib/mhw-mulx\libc.a(lib_a-memchr.o)
 .text.memchr   0x0000000000808aec       0xe4 d:/imperial_college/dsd24/intelfpga_lite/18.1/nios2eds/bin/gnu/h-x86_64-mingw32/bin/../lib/gcc/nios2-elf/5.3.0/../../../../../H-x86_64-mingw32/nios2-elf/lib/mhw-mulx\libc.a(lib_a-memchr.o)
                0x0000000000808aec                memchr
 .text          0x0000000000808bd0        0x0 d:/imperial_college/dsd24/intelfpga_lite/18.1/nios2eds/bin/gnu/h-x86_64-mingw32/bin/../lib/gcc/nios2-elf/5.3.0/../../../../../H-x86_64-mingw32/nios2-elf/lib/mhw-mulx\libc.a(lib_a-memcpy.o)
 .text.memcpy   0x0000000000808bd0      0x148 d:/imperial_college/dsd24/intelfpga_lite/18.1/nios2eds/bin/gnu/h-x86_64-mingw32/bin/../lib/gcc/nios2-elf/5.3.0/../../../../../H-x86_64-mingw32/nios2-elf/lib/mhw-mulx\libc.a(lib_a-memcpy.o)
                0x0000000000808bd0                memcpy
 .text          0x0000000000808d18        0x0 d:/imperial_college/dsd24/intelfpga_lite/18.1/nios2eds/bin/gnu/h-x86_64-mingw32/bin/../lib/gcc/nios2-elf/5.3.0/../../../../../H-x86_64-mingw32/nios2-elf/lib/mhw-mulx\libc.a(lib_a-memset.o)
 .text.memset   0x0000000000808d18      0x128 d:/imperial_college/dsd24/intelfpga_lite/18.1/nios2eds/bin/gnu/h-x86_64-mingw32/bin/../lib/gcc/nios2-elf/5.3.0/../../../../../H-x86_64-mingw32/nios2-elf/lib/mhw-mulx\libc.a(lib_a-memset.o)
                0x0000000000808d18                memset
 .text          0x0000000000808e40        0x0 d:/imperial_college/dsd24/intelfpga_lite/18.1/nios2eds/bin/gnu/h-x86_64-mingw32/bin/../lib/gcc/nios2-elf/5.3.0/../../../../../H-x86_64-mingw32/nios2-elf/lib/mhw-mulx\libc.a(lib_a-mprec.o)
 .text._Balloc  0x0000000000808e40       0xa8 d:/imperial_college/dsd24/intelfpga_lite/18.1/nios2eds/bin/gnu/h-x86_64-mingw32/bin/../lib/gcc/nios2-elf/5.3.0/../../../../../H-x86_64-mingw32/nios2-elf/lib/mhw-mulx\libc.a(lib_a-mprec.o)
                0x0000000000808e40                _Balloc
 .text._Bfree   0x0000000000808ee8       0x28 d:/imperial_college/dsd24/intelfpga_lite/18.1/nios2eds/bin/gnu/h-x86_64-mingw32/bin/../lib/gcc/nios2-elf/5.3.0/../../../../../H-x86_64-mingw32/nios2-elf/lib/mhw-mulx\libc.a(lib_a-mprec.o)
                0x0000000000808ee8                _Bfree
 .text.__multadd
                0x0000000000808f10      0x120 d:/imperial_college/dsd24/intelfpga_lite/18.1/nios2eds/bin/gnu/h-x86_64-mingw32/bin/../lib/gcc/nios2-elf/5.3.0/../../../../../H-x86_64-mingw32/nios2-elf/lib/mhw-mulx\libc.a(lib_a-mprec.o)
                0x0000000000808f10                __multadd
 .text.__s2b    0x0000000000809030      0x104 d:/imperial_college/dsd24/intelfpga_lite/18.1/nios2eds/bin/gnu/h-x86_64-mingw32/bin/../lib/gcc/nios2-elf/5.3.0/../../../../../H-x86_64-mingw32/nios2-elf/lib/mhw-mulx\libc.a(lib_a-mprec.o)
                0x0000000000809030                __s2b
 .text.__hi0bits
                0x0000000000809134       0x68 d:/imperial_college/dsd24/intelfpga_lite/18.1/nios2eds/bin/gnu/h-x86_64-mingw32/bin/../lib/gcc/nios2-elf/5.3.0/../../../../../H-x86_64-mingw32/nios2-elf/lib/mhw-mulx\libc.a(lib_a-mprec.o)
                0x0000000000809134                __hi0bits
 .text.__lo0bits
                0x000000000080919c       0xb0 d:/imperial_college/dsd24/intelfpga_lite/18.1/nios2eds/bin/gnu/h-x86_64-mingw32/bin/../lib/gcc/nios2-elf/5.3.0/../../../../../H-x86_64-mingw32/nios2-elf/lib/mhw-mulx\libc.a(lib_a-mprec.o)
                0x000000000080919c                __lo0bits
 .text.__i2b    0x000000000080924c       0x3c d:/imperial_college/dsd24/intelfpga_lite/18.1/nios2eds/bin/gnu/h-x86_64-mingw32/bin/../lib/gcc/nios2-elf/5.3.0/../../../../../H-x86_64-mingw32/nios2-elf/lib/mhw-mulx\libc.a(lib_a-mprec.o)
                0x000000000080924c                __i2b
 .text.__multiply
                0x0000000000809288      0x1f8 d:/imperial_college/dsd24/intelfpga_lite/18.1/nios2eds/bin/gnu/h-x86_64-mingw32/bin/../lib/gcc/nios2-elf/5.3.0/../../../../../H-x86_64-mingw32/nios2-elf/lib/mhw-mulx\libc.a(lib_a-mprec.o)
                0x0000000000809288                __multiply
 .text.__pow5mult
                0x0000000000809480      0x140 d:/imperial_college/dsd24/intelfpga_lite/18.1/nios2eds/bin/gnu/h-x86_64-mingw32/bin/../lib/gcc/nios2-elf/5.3.0/../../../../../H-x86_64-mingw32/nios2-elf/lib/mhw-mulx\libc.a(lib_a-mprec.o)
                0x0000000000809480                __pow5mult
 .text.__lshift
                0x00000000008095c0      0x148 d:/imperial_college/dsd24/intelfpga_lite/18.1/nios2eds/bin/gnu/h-x86_64-mingw32/bin/../lib/gcc/nios2-elf/5.3.0/../../../../../H-x86_64-mingw32/nios2-elf/lib/mhw-mulx\libc.a(lib_a-mprec.o)
                0x00000000008095c0                __lshift
 .text.__mcmp   0x0000000000809708       0x60 d:/imperial_college/dsd24/intelfpga_lite/18.1/nios2eds/bin/gnu/h-x86_64-mingw32/bin/../lib/gcc/nios2-elf/5.3.0/../../../../../H-x86_64-mingw32/nios2-elf/lib/mhw-mulx\libc.a(lib_a-mprec.o)
                0x0000000000809708                __mcmp
 .text.__mdiff  0x0000000000809768      0x1fc d:/imperial_college/dsd24/intelfpga_lite/18.1/nios2eds/bin/gnu/h-x86_64-mingw32/bin/../lib/gcc/nios2-elf/5.3.0/../../../../../H-x86_64-mingw32/nios2-elf/lib/mhw-mulx\libc.a(lib_a-mprec.o)
                0x0000000000809768                __mdiff
 .text.__ulp    0x0000000000809964       0x64 d:/imperial_college/dsd24/intelfpga_lite/18.1/nios2eds/bin/gnu/h-x86_64-mingw32/bin/../lib/gcc/nios2-elf/5.3.0/../../../../../H-x86_64-mingw32/nios2-elf/lib/mhw-mulx\libc.a(lib_a-mprec.o)
                0x0000000000809964                __ulp
 .text.__b2d    0x00000000008099c8      0x10c d:/imperial_college/dsd24/intelfpga_lite/18.1/nios2eds/bin/gnu/h-x86_64-mingw32/bin/../lib/gcc/nios2-elf/5.3.0/../../../../../H-x86_64-mingw32/nios2-elf/lib/mhw-mulx\libc.a(lib_a-mprec.o)
                0x00000000008099c8                __b2d
 .text.__d2b    0x0000000000809ad4      0x14c d:/imperial_college/dsd24/intelfpga_lite/18.1/nios2eds/bin/gnu/h-x86_64-mingw32/bin/../lib/gcc/nios2-elf/5.3.0/../../../../../H-x86_64-mingw32/nios2-elf/lib/mhw-mulx\libc.a(lib_a-mprec.o)
                0x0000000000809ad4                __d2b
 .text.__ratio  0x0000000000809c20       0xa4 d:/imperial_college/dsd24/intelfpga_lite/18.1/nios2eds/bin/gnu/h-x86_64-mingw32/bin/../lib/gcc/nios2-elf/5.3.0/../../../../../H-x86_64-mingw32/nios2-elf/lib/mhw-mulx\libc.a(lib_a-mprec.o)
                0x0000000000809c20                __ratio
 .text._mprec_log10
                0x0000000000809cc4       0x74 d:/imperial_college/dsd24/intelfpga_lite/18.1/nios2eds/bin/gnu/h-x86_64-mingw32/bin/../lib/gcc/nios2-elf/5.3.0/../../../../../H-x86_64-mingw32/nios2-elf/lib/mhw-mulx\libc.a(lib_a-mprec.o)
                0x0000000000809cc4                _mprec_log10
 .text.__copybits
                0x0000000000809d38       0x78 d:/imperial_college/dsd24/intelfpga_lite/18.1/nios2eds/bin/gnu/h-x86_64-mingw32/bin/../lib/gcc/nios2-elf/5.3.0/../../../../../H-x86_64-mingw32/nios2-elf/lib/mhw-mulx\libc.a(lib_a-mprec.o)
                0x0000000000809d38                __copybits
 .text.__any_on
                0x0000000000809db0       0x8c d:/imperial_college/dsd24/intelfpga_lite/18.1/nios2eds/bin/gnu/h-x86_64-mingw32/bin/../lib/gcc/nios2-elf/5.3.0/../../../../../H-x86_64-mingw32/nios2-elf/lib/mhw-mulx\libc.a(lib_a-mprec.o)
                0x0000000000809db0                __any_on
 .text          0x0000000000809e3c        0x0 d:/imperial_college/dsd24/intelfpga_lite/18.1/nios2eds/bin/gnu/h-x86_64-mingw32/bin/../lib/gcc/nios2-elf/5.3.0/../../../../../H-x86_64-mingw32/nios2-elf/lib/mhw-mulx\libc.a(lib_a-s_fpclassify.o)
 .text.__fpclassifyd
                0x0000000000809e3c       0x74 d:/imperial_college/dsd24/intelfpga_lite/18.1/nios2eds/bin/gnu/h-x86_64-mingw32/bin/../lib/gcc/nios2-elf/5.3.0/../../../../../H-x86_64-mingw32/nios2-elf/lib/mhw-mulx\libc.a(lib_a-s_fpclassify.o)
                0x0000000000809e3c                __fpclassifyd
 .text          0x0000000000809eb0        0x0 d:/imperial_college/dsd24/intelfpga_lite/18.1/nios2eds/bin/gnu/h-x86_64-mingw32/bin/../lib/gcc/nios2-elf/5.3.0/../../../../../H-x86_64-mingw32/nios2-elf/lib/mhw-mulx\libc.a(lib_a-sbrkr.o)
 .text._sbrk_r  0x0000000000809eb0       0x54 d:/imperial_college/dsd24/intelfpga_lite/18.1/nios2eds/bin/gnu/h-x86_64-mingw32/bin/../lib/gcc/nios2-elf/5.3.0/../../../../../H-x86_64-mingw32/nios2-elf/lib/mhw-mulx\libc.a(lib_a-sbrkr.o)
                0x0000000000809eb0                _sbrk_r
 .text          0x0000000000809f04        0x0 d:/imperial_college/dsd24/intelfpga_lite/18.1/nios2eds/bin/gnu/h-x86_64-mingw32/bin/../lib/gcc/nios2-elf/5.3.0/../../../../../H-x86_64-mingw32/nios2-elf/lib/mhw-mulx\libc.a(lib_a-stdio.o)
 .text.__sread  0x0000000000809f04       0x54 d:/imperial_college/dsd24/intelfpga_lite/18.1/nios2eds/bin/gnu/h-x86_64-mingw32/bin/../lib/gcc/nios2-elf/5.3.0/../../../../../H-x86_64-mingw32/nios2-elf/lib/mhw-mulx\libc.a(lib_a-stdio.o)
                0x0000000000809f04                __sread
 .text.__seofread
                0x0000000000809f58        0x8 d:/imperial_college/dsd24/intelfpga_lite/18.1/nios2eds/bin/gnu/h-x86_64-mingw32/bin/../lib/gcc/nios2-elf/5.3.0/../../../../../H-x86_64-mingw32/nios2-elf/lib/mhw-mulx\libc.a(lib_a-stdio.o)
                0x0000000000809f58                __seofread
 .text.__swrite
                0x0000000000809f60       0x7c d:/imperial_college/dsd24/intelfpga_lite/18.1/nios2eds/bin/gnu/h-x86_64-mingw32/bin/../lib/gcc/nios2-elf/5.3.0/../../../../../H-x86_64-mingw32/nios2-elf/lib/mhw-mulx\libc.a(lib_a-stdio.o)
                0x0000000000809f60                __swrite
 .text.__sseek  0x0000000000809fdc       0x5c d:/imperial_college/dsd24/intelfpga_lite/18.1/nios2eds/bin/gnu/h-x86_64-mingw32/bin/../lib/gcc/nios2-elf/5.3.0/../../../../../H-x86_64-mingw32/nios2-elf/lib/mhw-mulx\libc.a(lib_a-stdio.o)
                0x0000000000809fdc                __sseek
 .text.__sclose
                0x000000000080a038        0x8 d:/imperial_college/dsd24/intelfpga_lite/18.1/nios2eds/bin/gnu/h-x86_64-mingw32/bin/../lib/gcc/nios2-elf/5.3.0/../../../../../H-x86_64-mingw32/nios2-elf/lib/mhw-mulx\libc.a(lib_a-stdio.o)
                0x000000000080a038                __sclose
 .text          0x000000000080a040        0x0 d:/imperial_college/dsd24/intelfpga_lite/18.1/nios2eds/bin/gnu/h-x86_64-mingw32/bin/../lib/gcc/nios2-elf/5.3.0/../../../../../H-x86_64-mingw32/nios2-elf/lib/mhw-mulx\libc.a(lib_a-strcmp.o)
 .text.strcmp   0x000000000080a040       0xdc d:/imperial_college/dsd24/intelfpga_lite/18.1/nios2eds/bin/gnu/h-x86_64-mingw32/bin/../lib/gcc/nios2-elf/5.3.0/../../../../../H-x86_64-mingw32/nios2-elf/lib/mhw-mulx\libc.a(lib_a-strcmp.o)
                0x000000000080a040                strcmp
 .text          0x000000000080a11c        0x0 d:/imperial_college/dsd24/intelfpga_lite/18.1/nios2eds/bin/gnu/h-x86_64-mingw32/bin/../lib/gcc/nios2-elf/5.3.0/../../../../../H-x86_64-mingw32/nios2-elf/lib/mhw-mulx\libc.a(lib_a-strlen.o)
 .text.strlen   0x000000000080a11c       0x98 d:/imperial_college/dsd24/intelfpga_lite/18.1/nios2eds/bin/gnu/h-x86_64-mingw32/bin/../lib/gcc/nios2-elf/5.3.0/../../../../../H-x86_64-mingw32/nios2-elf/lib/mhw-mulx\libc.a(lib_a-strlen.o)
                0x000000000080a11c                strlen
 .text          0x000000000080a1b4        0x0 d:/imperial_college/dsd24/intelfpga_lite/18.1/nios2eds/bin/gnu/h-x86_64-mingw32/bin/../lib/gcc/nios2-elf/5.3.0/../../../../../H-x86_64-mingw32/nios2-elf/lib/mhw-mulx\libc.a(lib_a-vfiprintf.o)
 .text.__sprint_r.part.0
                0x000000000080a1b4       0xfc d:/imperial_college/dsd24/intelfpga_lite/18.1/nios2eds/bin/gnu/h-x86_64-mingw32/bin/../lib/gcc/nios2-elf/5.3.0/../../../../../H-x86_64-mingw32/nios2-elf/lib/mhw-mulx\libc.a(lib_a-vfiprintf.o)
 .text.__sprint_r
                0x000000000080a2b0       0x18 d:/imperial_college/dsd24/intelfpga_lite/18.1/nios2eds/bin/gnu/h-x86_64-mingw32/bin/../lib/gcc/nios2-elf/5.3.0/../../../../../H-x86_64-mingw32/nios2-elf/lib/mhw-mulx\libc.a(lib_a-vfiprintf.o)
                0x000000000080a2b0                __sprint_r
 .text.___vfiprintf_internal_r
                0x000000000080a2c8     0x145c d:/imperial_college/dsd24/intelfpga_lite/18.1/nios2eds/bin/gnu/h-x86_64-mingw32/bin/../lib/gcc/nios2-elf/5.3.0/../../../../../H-x86_64-mingw32/nios2-elf/lib/mhw-mulx\libc.a(lib_a-vfiprintf.o)
                0x000000000080a2c8                ___vfiprintf_internal_r
 .text.__vfiprintf_internal
                0x000000000080b724       0x1c d:/imperial_college/dsd24/intelfpga_lite/18.1/nios2eds/bin/gnu/h-x86_64-mingw32/bin/../lib/gcc/nios2-elf/5.3.0/../../../../../H-x86_64-mingw32/nios2-elf/lib/mhw-mulx\libc.a(lib_a-vfiprintf.o)
                0x000000000080b724                __vfiprintf_internal
 .text.__sbprintf
                0x000000000080b740       0xbc d:/imperial_college/dsd24/intelfpga_lite/18.1/nios2eds/bin/gnu/h-x86_64-mingw32/bin/../lib/gcc/nios2-elf/5.3.0/../../../../../H-x86_64-mingw32/nios2-elf/lib/mhw-mulx\libc.a(lib_a-vfiprintf.o)
 .text          0x000000000080b7fc        0x0 d:/imperial_college/dsd24/intelfpga_lite/18.1/nios2eds/bin/gnu/h-x86_64-mingw32/bin/../lib/gcc/nios2-elf/5.3.0/../../../../../H-x86_64-mingw32/nios2-elf/lib/mhw-mulx\libc.a(lib_a-writer.o)
 .text._write_r
                0x000000000080b7fc       0x60 d:/imperial_college/dsd24/intelfpga_lite/18.1/nios2eds/bin/gnu/h-x86_64-mingw32/bin/../lib/gcc/nios2-elf/5.3.0/../../../../../H-x86_64-mingw32/nios2-elf/lib/mhw-mulx\libc.a(lib_a-writer.o)
                0x000000000080b7fc                _write_r
 .text          0x000000000080b85c        0x0 d:/imperial_college/dsd24/intelfpga_lite/18.1/nios2eds/bin/gnu/h-x86_64-mingw32/bin/../lib/gcc/nios2-elf/5.3.0/../../../../../H-x86_64-mingw32/nios2-elf/lib/mhw-mulx\libc.a(closer.o)
 .text._close_r
                0x000000000080b85c       0x54 d:/imperial_college/dsd24/intelfpga_lite/18.1/nios2eds/bin/gnu/h-x86_64-mingw32/bin/../lib/gcc/nios2-elf/5.3.0/../../../../../H-x86_64-mingw32/nios2-elf/lib/mhw-mulx\libc.a(closer.o)
                0x000000000080b85c                _close_r
 .text          0x000000000080b8b0        0x0 d:/imperial_college/dsd24/intelfpga_lite/18.1/nios2eds/bin/gnu/h-x86_64-mingw32/bin/../lib/gcc/nios2-elf/5.3.0/../../../../../H-x86_64-mingw32/nios2-elf/lib/mhw-mulx\libc.a(lib_a-callocr.o)
 .text._calloc_r
                0x000000000080b8b0       0xc4 d:/imperial_college/dsd24/intelfpga_lite/18.1/nios2eds/bin/gnu/h-x86_64-mingw32/bin/../lib/gcc/nios2-elf/5.3.0/../../../../../H-x86_64-mingw32/nios2-elf/lib/mhw-mulx\libc.a(lib_a-callocr.o)
                0x000000000080b8b0                _calloc_r
 .text          0x000000000080b974        0x0 d:/imperial_college/dsd24/intelfpga_lite/18.1/nios2eds/bin/gnu/h-x86_64-mingw32/bin/../lib/gcc/nios2-elf/5.3.0/../../../../../H-x86_64-mingw32/nios2-elf/lib/mhw-mulx\libc.a(lib_a-fclose.o)
 .text._fclose_r
                0x000000000080b974       0xf0 d:/imperial_college/dsd24/intelfpga_lite/18.1/nios2eds/bin/gnu/h-x86_64-mingw32/bin/../lib/gcc/nios2-elf/5.3.0/../../../../../H-x86_64-mingw32/nios2-elf/lib/mhw-mulx\libc.a(lib_a-fclose.o)
                0x000000000080b974                _fclose_r
 .text.fclose   0x000000000080ba64       0x14 d:/imperial_college/dsd24/intelfpga_lite/18.1/nios2eds/bin/gnu/h-x86_64-mingw32/bin/../lib/gcc/nios2-elf/5.3.0/../../../../../H-x86_64-mingw32/nios2-elf/lib/mhw-mulx\libc.a(lib_a-fclose.o)
                0x000000000080ba64                fclose
 .text          0x000000000080ba78        0x0 d:/imperial_college/dsd24/intelfpga_lite/18.1/nios2eds/bin/gnu/h-x86_64-mingw32/bin/../lib/gcc/nios2-elf/5.3.0/../../../../../H-x86_64-mingw32/nios2-elf/lib/mhw-mulx\libc.a(lib_a-fputwc.o)
 .text.__fputwc
                0x000000000080ba78      0x164 d:/imperial_college/dsd24/intelfpga_lite/18.1/nios2eds/bin/gnu/h-x86_64-mingw32/bin/../lib/gcc/nios2-elf/5.3.0/../../../../../H-x86_64-mingw32/nios2-elf/lib/mhw-mulx\libc.a(lib_a-fputwc.o)
                0x000000000080ba78                __fputwc
 .text._fputwc_r
                0x000000000080bbdc       0x24 d:/imperial_college/dsd24/intelfpga_lite/18.1/nios2eds/bin/gnu/h-x86_64-mingw32/bin/../lib/gcc/nios2-elf/5.3.0/../../../../../H-x86_64-mingw32/nios2-elf/lib/mhw-mulx\libc.a(lib_a-fputwc.o)
                0x000000000080bbdc                _fputwc_r
 .text.fputwc   0x000000000080bc00       0x80 d:/imperial_college/dsd24/intelfpga_lite/18.1/nios2eds/bin/gnu/h-x86_64-mingw32/bin/../lib/gcc/nios2-elf/5.3.0/../../../../../H-x86_64-mingw32/nios2-elf/lib/mhw-mulx\libc.a(lib_a-fputwc.o)
                0x000000000080bc00                fputwc
 .text          0x000000000080bc80        0x0 d:/imperial_college/dsd24/intelfpga_lite/18.1/nios2eds/bin/gnu/h-x86_64-mingw32/bin/../lib/gcc/nios2-elf/5.3.0/../../../../../H-x86_64-mingw32/nios2-elf/lib/mhw-mulx\libc.a(lib_a-fstatr.o)
 .text._fstat_r
                0x000000000080bc80       0x5c d:/imperial_college/dsd24/intelfpga_lite/18.1/nios2eds/bin/gnu/h-x86_64-mingw32/bin/../lib/gcc/nios2-elf/5.3.0/../../../../../H-x86_64-mingw32/nios2-elf/lib/mhw-mulx\libc.a(lib_a-fstatr.o)
                0x000000000080bc80                _fstat_r
 .text          0x000000000080bcdc        0x0 d:/imperial_college/dsd24/intelfpga_lite/18.1/nios2eds/bin/gnu/h-x86_64-mingw32/bin/../lib/gcc/nios2-elf/5.3.0/../../../../../H-x86_64-mingw32/nios2-elf/lib/mhw-mulx\libc.a(lib_a-fvwrite.o)
 .text.__sfvwrite_r
                0x000000000080bcdc      0x4bc d:/imperial_college/dsd24/intelfpga_lite/18.1/nios2eds/bin/gnu/h-x86_64-mingw32/bin/../lib/gcc/nios2-elf/5.3.0/../../../../../H-x86_64-mingw32/nios2-elf/lib/mhw-mulx\libc.a(lib_a-fvwrite.o)
                0x000000000080bcdc                __sfvwrite_r
 .text          0x000000000080c198        0x0 d:/imperial_college/dsd24/intelfpga_lite/18.1/nios2eds/bin/gnu/h-x86_64-mingw32/bin/../lib/gcc/nios2-elf/5.3.0/../../../../../H-x86_64-mingw32/nios2-elf/lib/mhw-mulx\libc.a(lib_a-int_errno.o)
 .text          0x000000000080c198        0x0 d:/imperial_college/dsd24/intelfpga_lite/18.1/nios2eds/bin/gnu/h-x86_64-mingw32/bin/../lib/gcc/nios2-elf/5.3.0/../../../../../H-x86_64-mingw32/nios2-elf/lib/mhw-mulx\libc.a(lib_a-isattyr.o)
 .text._isatty_r
                0x000000000080c198       0x54 d:/imperial_college/dsd24/intelfpga_lite/18.1/nios2eds/bin/gnu/h-x86_64-mingw32/bin/../lib/gcc/nios2-elf/5.3.0/../../../../../H-x86_64-mingw32/nios2-elf/lib/mhw-mulx\libc.a(lib_a-isattyr.o)
                0x000000000080c198                _isatty_r
 .text          0x000000000080c1ec        0x0 d:/imperial_college/dsd24/intelfpga_lite/18.1/nios2eds/bin/gnu/h-x86_64-mingw32/bin/../lib/gcc/nios2-elf/5.3.0/../../../../../H-x86_64-mingw32/nios2-elf/lib/mhw-mulx\libc.a(lib_a-lseekr.o)
 .text._lseek_r
                0x000000000080c1ec       0x60 d:/imperial_college/dsd24/intelfpga_lite/18.1/nios2eds/bin/gnu/h-x86_64-mingw32/bin/../lib/gcc/nios2-elf/5.3.0/../../../../../H-x86_64-mingw32/nios2-elf/lib/mhw-mulx\libc.a(lib_a-lseekr.o)
                0x000000000080c1ec                _lseek_r
 .text          0x000000000080c24c        0x0 d:/imperial_college/dsd24/intelfpga_lite/18.1/nios2eds/bin/gnu/h-x86_64-mingw32/bin/../lib/gcc/nios2-elf/5.3.0/../../../../../H-x86_64-mingw32/nios2-elf/lib/mhw-mulx\libc.a(lib_a-memmove.o)
 .text.memmove  0x000000000080c24c      0x15c d:/imperial_college/dsd24/intelfpga_lite/18.1/nios2eds/bin/gnu/h-x86_64-mingw32/bin/../lib/gcc/nios2-elf/5.3.0/../../../../../H-x86_64-mingw32/nios2-elf/lib/mhw-mulx\libc.a(lib_a-memmove.o)
                0x000000000080c24c                memmove
 .text          0x000000000080c3a8        0x0 d:/imperial_college/dsd24/intelfpga_lite/18.1/nios2eds/bin/gnu/h-x86_64-mingw32/bin/../lib/gcc/nios2-elf/5.3.0/../../../../../H-x86_64-mingw32/nios2-elf/lib/mhw-mulx\libc.a(lib_a-readr.o)
 .text._read_r  0x000000000080c3a8       0x60 d:/imperial_college/dsd24/intelfpga_lite/18.1/nios2eds/bin/gnu/h-x86_64-mingw32/bin/../lib/gcc/nios2-elf/5.3.0/../../../../../H-x86_64-mingw32/nios2-elf/lib/mhw-mulx\libc.a(lib_a-readr.o)
                0x000000000080c3a8                _read_r
 .text          0x000000000080c408        0x0 d:/imperial_college/dsd24/intelfpga_lite/18.1/nios2eds/bin/gnu/h-x86_64-mingw32/bin/../lib/gcc/nios2-elf/5.3.0/../../../../../H-x86_64-mingw32/nios2-elf/lib/mhw-mulx\libc.a(lib_a-reallocr.o)
 .text._realloc_r
                0x000000000080c408      0x564 d:/imperial_college/dsd24/intelfpga_lite/18.1/nios2eds/bin/gnu/h-x86_64-mingw32/bin/../lib/gcc/nios2-elf/5.3.0/../../../../../H-x86_64-mingw32/nios2-elf/lib/mhw-mulx\libc.a(lib_a-reallocr.o)
                0x000000000080c408                _realloc_r
 .text          0x000000000080c96c        0x0 d:/imperial_college/dsd24/intelfpga_lite/18.1/nios2eds/bin/gnu/h-x86_64-mingw32/bin/../lib/gcc/nios2-elf/5.3.0/../../../../../H-x86_64-mingw32/nios2-elf/lib/mhw-mulx\libc.a(lib_a-wbuf.o)
 .text.__swbuf_r
                0x000000000080c96c      0x140 d:/imperial_college/dsd24/intelfpga_lite/18.1/nios2eds/bin/gnu/h-x86_64-mingw32/bin/../lib/gcc/nios2-elf/5.3.0/../../../../../H-x86_64-mingw32/nios2-elf/lib/mhw-mulx\libc.a(lib_a-wbuf.o)
                0x000000000080c96c                __swbuf_r
 .text.__swbuf  0x000000000080caac       0x18 d:/imperial_college/dsd24/intelfpga_lite/18.1/nios2eds/bin/gnu/h-x86_64-mingw32/bin/../lib/gcc/nios2-elf/5.3.0/../../../../../H-x86_64-mingw32/nios2-elf/lib/mhw-mulx\libc.a(lib_a-wbuf.o)
                0x000000000080caac                __swbuf
 .text          0x000000000080cac4        0x0 d:/imperial_college/dsd24/intelfpga_lite/18.1/nios2eds/bin/gnu/h-x86_64-mingw32/bin/../lib/gcc/nios2-elf/5.3.0/../../../../../H-x86_64-mingw32/nios2-elf/lib/mhw-mulx\libc.a(lib_a-wcrtomb.o)
 .text._wcrtomb_r
                0x000000000080cac4       0x9c d:/imperial_college/dsd24/intelfpga_lite/18.1/nios2eds/bin/gnu/h-x86_64-mingw32/bin/../lib/gcc/nios2-elf/5.3.0/../../../../../H-x86_64-mingw32/nios2-elf/lib/mhw-mulx\libc.a(lib_a-wcrtomb.o)
                0x000000000080cac4                _wcrtomb_r
 .text.wcrtomb  0x000000000080cb60       0xc0 d:/imperial_college/dsd24/intelfpga_lite/18.1/nios2eds/bin/gnu/h-x86_64-mingw32/bin/../lib/gcc/nios2-elf/5.3.0/../../../../../H-x86_64-mingw32/nios2-elf/lib/mhw-mulx\libc.a(lib_a-wcrtomb.o)
                0x000000000080cb60                wcrtomb
 .text          0x000000000080cc20        0x0 d:/imperial_college/dsd24/intelfpga_lite/18.1/nios2eds/bin/gnu/h-x86_64-mingw32/bin/../lib/gcc/nios2-elf/5.3.0/../../../../../H-x86_64-mingw32/nios2-elf/lib/mhw-mulx\libc.a(lib_a-wctomb_r.o)
 .text.__ascii_wctomb
                0x000000000080cc20       0x30 d:/imperial_college/dsd24/intelfpga_lite/18.1/nios2eds/bin/gnu/h-x86_64-mingw32/bin/../lib/gcc/nios2-elf/5.3.0/../../../../../H-x86_64-mingw32/nios2-elf/lib/mhw-mulx\libc.a(lib_a-wctomb_r.o)
                0x000000000080cc20                __ascii_wctomb
 .text._wctomb_r
                0x000000000080cc50       0x5c d:/imperial_college/dsd24/intelfpga_lite/18.1/nios2eds/bin/gnu/h-x86_64-mingw32/bin/../lib/gcc/nios2-elf/5.3.0/../../../../../H-x86_64-mingw32/nios2-elf/lib/mhw-mulx\libc.a(lib_a-wctomb_r.o)
                0x000000000080cc50                _wctomb_r
 .text          0x000000000080ccac      0x578 d:/imperial_college/dsd24/intelfpga_lite/18.1/nios2eds/bin/gnu/h-x86_64-mingw32/bin/../lib/gcc/nios2-elf/5.3.0/mhw-mulx\libgcc.a(_udivdi3.o)
                0x000000000080ccac                __udivdi3
 .text          0x000000000080d224      0x538 d:/imperial_college/dsd24/intelfpga_lite/18.1/nios2eds/bin/gnu/h-x86_64-mingw32/bin/../lib/gcc/nios2-elf/5.3.0/mhw-mulx\libgcc.a(_umoddi3.o)
                0x000000000080d224                __umoddi3
 .text          0x000000000080d75c      0x1b4 d:/imperial_college/dsd24/intelfpga_lite/18.1/nios2eds/bin/gnu/h-x86_64-mingw32/bin/../lib/gcc/nios2-elf/5.3.0/mhw-mulx\libgcc.a(lib2-divmod.o)
                0x000000000080d75c                __divsi3
                0x000000000080d7e0                __modsi3
                0x000000000080d854                __udivsi3
                0x000000000080d8b8                __umodsi3
 .text          0x000000000080d910      0x8e8 d:/imperial_college/dsd24/intelfpga_lite/18.1/nios2eds/bin/gnu/h-x86_64-mingw32/bin/../lib/gcc/nios2-elf/5.3.0/mhw-mulx\libgcc.a(divdf3.o)
                0x000000000080d910                __divdf3
 .text          0x000000000080e1f8       0x88 d:/imperial_college/dsd24/intelfpga_lite/18.1/nios2eds/bin/gnu/h-x86_64-mingw32/bin/../lib/gcc/nios2-elf/5.3.0/mhw-mulx\libgcc.a(eqdf2.o)
                0x000000000080e1f8                __nedf2
                0x000000000080e1f8                __eqdf2
 .text          0x000000000080e280       0xdc d:/imperial_college/dsd24/intelfpga_lite/18.1/nios2eds/bin/gnu/h-x86_64-mingw32/bin/../lib/gcc/nios2-elf/5.3.0/mhw-mulx\libgcc.a(gedf2.o)
                0x000000000080e280                __gedf2
                0x000000000080e280                __gtdf2
 .text          0x000000000080e35c       0xf4 d:/imperial_college/dsd24/intelfpga_lite/18.1/nios2eds/bin/gnu/h-x86_64-mingw32/bin/../lib/gcc/nios2-elf/5.3.0/mhw-mulx\libgcc.a(ledf2.o)
                0x000000000080e35c                __ledf2
                0x000000000080e35c                __ltdf2
 .text          0x000000000080e450       0x80 d:/imperial_college/dsd24/intelfpga_lite/18.1/nios2eds/bin/gnu/h-x86_64-mingw32/bin/../lib/gcc/nios2-elf/5.3.0/mhw-mulx\libgcc.a(fixdfsi.o)
                0x000000000080e450                __fixdfsi
 .text          0x000000000080e4d0       0xdc d:/imperial_college/dsd24/intelfpga_lite/18.1/nios2eds/bin/gnu/h-x86_64-mingw32/bin/../lib/gcc/nios2-elf/5.3.0/mhw-mulx\libgcc.a(floatsidf.o)
                0x000000000080e4d0                __floatsidf
 .text          0x000000000080e5ac       0xa8 d:/imperial_college/dsd24/intelfpga_lite/18.1/nios2eds/bin/gnu/h-x86_64-mingw32/bin/../lib/gcc/nios2-elf/5.3.0/mhw-mulx\libgcc.a(floatunsidf.o)
                0x000000000080e5ac                __floatunsidf
 .text          0x000000000080e654      0x10c ../task_4_bsp/\libhal_bsp.a(alt_close.o)
                0x000000000080e690                close
 .text          0x000000000080e760       0x2c ../task_4_bsp/\libhal_bsp.a(alt_dev.o)
 .text          0x000000000080e78c        0x0 ../task_4_bsp/\libhal_bsp.a(alt_errno.o)
 .text          0x000000000080e78c       0xec ../task_4_bsp/\libhal_bsp.a(alt_fstat.o)
                0x000000000080e7c8                fstat
 .text          0x000000000080e878       0xe0 ../task_4_bsp/\libhal_bsp.a(alt_isatty.o)
                0x000000000080e8b4                isatty
 .text          0x000000000080e958       0xec ../task_4_bsp/\libhal_bsp.a(alt_load.o)
                0x000000000080e9c0                alt_load
 .text          0x000000000080ea44      0x110 ../task_4_bsp/\libhal_bsp.a(alt_lseek.o)
                0x000000000080ea80                lseek
 .text          0x000000000080eb54       0x7c ../task_4_bsp/\libhal_bsp.a(alt_main.o)
                0x000000000080eb54                alt_main
 .text          0x000000000080ebd0       0x48 ../task_4_bsp/\libhal_bsp.a(alt_malloc_lock.o)
                0x000000000080ebd0                __malloc_lock
                0x000000000080ebf4                __malloc_unlock
 .text          0x000000000080ec18       0x3c ../task_4_bsp/\libhal_bsp.a(alt_putstr.o)
                0x000000000080ec18                alt_putstr
 .text          0x000000000080ec54      0x138 ../task_4_bsp/\libhal_bsp.a(alt_read.o)
                0x000000000080ec90                read
 .text          0x000000000080ed8c       0x64 ../task_4_bsp/\libhal_bsp.a(alt_release_fd.o)
                0x000000000080ed8c                alt_release_fd
 .text          0x000000000080edf0       0xb0 ../task_4_bsp/\libhal_bsp.a(alt_sbrk.o)
                0x000000000080edf0                sbrk
 .text          0x000000000080eea0       0xb4 ../task_4_bsp/\libhal_bsp.a(alt_times.o)
                0x000000000080eedc                times
 .text          0x000000000080ef54      0x134 ../task_4_bsp/\libhal_bsp.a(alt_write.o)
                0x000000000080ef90                write
 .text          0x000000000080f088       0xd0 ../task_4_bsp/\libhal_bsp.a(alt_sys_init.o)
                0x000000000080f0bc                alt_irq_init
                0x000000000080f0f4                alt_sys_init
 .text          0x000000000080f158      0x164 ../task_4_bsp/\libhal_bsp.a(altera_avalon_jtag_uart_fd.o)
                0x000000000080f158                altera_avalon_jtag_uart_read_fd
                0x000000000080f1b8                altera_avalon_jtag_uart_write_fd
                0x000000000080f218                altera_avalon_jtag_uart_close_fd
                0x000000000080f268                altera_avalon_jtag_uart_ioctl_fd
 .text          0x000000000080f2bc      0x3d4 ../task_4_bsp/\libhal_bsp.a(altera_avalon_jtag_uart_init.o)
                0x000000000080f2bc                altera_avalon_jtag_uart_init
                0x000000000080f628                altera_avalon_jtag_uart_close
 .text          0x000000000080f690       0xf0 ../task_4_bsp/\libhal_bsp.a(altera_avalon_jtag_uart_ioctl.o)
                0x000000000080f690                altera_avalon_jtag_uart_ioctl
 .text          0x000000000080f780      0x21c ../task_4_bsp/\libhal_bsp.a(altera_avalon_jtag_uart_read.o)
                0x000000000080f780                altera_avalon_jtag_uart_read
 .text          0x000000000080f99c      0x224 ../task_4_bsp/\libhal_bsp.a(altera_avalon_jtag_uart_write.o)
                0x000000000080f99c                altera_avalon_jtag_uart_write
 .text          0x000000000080fbc0       0xf4 ../task_4_bsp/\libhal_bsp.a(altera_avalon_timer_sc.o)
                0x000000000080fc38                alt_avalon_timer_sc_init
 .text          0x000000000080fcb4      0x12c ../task_4_bsp/\libhal_bsp.a(alt_alarm_start.o)
                0x000000000080fcb4                alt_alarm_start
 .text          0x000000000080fde0       0x48 ../task_4_bsp/\libhal_bsp.a(alt_dcache_flush_all.o)
                0x000000000080fde0                alt_dcache_flush_all
 .text          0x000000000080fe28       0xe0 ../task_4_bsp/\libhal_bsp.a(alt_dev_llist_insert.o)
                0x000000000080fe64                alt_dev_llist_insert
 .text          0x000000000080ff08       0x60 ../task_4_bsp/\libhal_bsp.a(alt_do_ctors.o)
                0x000000000080ff08                _do_ctors
 .text          0x000000000080ff68       0x60 ../task_4_bsp/\libhal_bsp.a(alt_do_dtors.o)
                0x000000000080ff68                _do_dtors
 .text          0x000000000080ffc8       0x34 ../task_4_bsp/\libhal_bsp.a(alt_icache_flush_all.o)
                0x000000000080ffc8                alt_icache_flush_all
 .text          0x000000000080fffc      0x1b0 ../task_4_bsp/\libhal_bsp.a(alt_iic.o)
                0x000000000080fffc                alt_ic_isr_register
                0x000000000081004c                alt_ic_irq_enable
                0x00000000008100d4                alt_ic_irq_disable
                0x0000000000810160                alt_ic_irq_enabled
 .text          0x00000000008101ac       0xf0 ../task_4_bsp/\libhal_bsp.a(alt_iic_isr_register.o)
                0x00000000008101ac                alt_iic_isr_register
 .text          0x000000000081029c      0x140 ../task_4_bsp/\libhal_bsp.a(alt_io_redirect.o)
                0x0000000000810360                alt_io_redirect
 .text          0x00000000008103dc        0x0 ../task_4_bsp/\libhal_bsp.a(alt_irq_entry.o)
 .text          0x00000000008103dc        0x0 ../task_4_bsp/\libhal_bsp.a(alt_irq_handler.o)
 .text          0x00000000008103dc        0x0 ../task_4_bsp/\libhal_bsp.a(alt_irq_vars.o)
 .text          0x00000000008103dc      0x254 ../task_4_bsp/\libhal_bsp.a(alt_open.o)
                0x00000000008104dc                open
 .text          0x0000000000810630      0x1a4 ../task_4_bsp/\libhal_bsp.a(alt_tick.o)
                0x0000000000810630                alt_alarm_stop
                0x00000000008106cc                alt_tick
 .text          0x00000000008107d4       0x24 ../task_4_bsp/\libhal_bsp.a(altera_nios2_gen2_irq.o)
                0x00000000008107d4                altera_nios2_gen2_irq_init
 .text          0x00000000008107f8        0x0 ../task_4_bsp/\libhal_bsp.a(alt_exception_entry.o)
 .text          0x00000000008107f8       0x90 ../task_4_bsp/\libhal_bsp.a(alt_find_dev.o)
                0x00000000008107f8                alt_find_dev
 .text          0x0000000000810888      0x108 ../task_4_bsp/\libhal_bsp.a(alt_find_file.o)
                0x0000000000810888                alt_find_file
 .text          0x0000000000810990       0xa4 ../task_4_bsp/\libhal_bsp.a(alt_get_fd.o)
                0x0000000000810990                alt_get_fd
 .text          0x0000000000810a34       0x90 ../task_4_bsp/\libhal_bsp.a(alt_icache_flush.o)
                0x0000000000810a34                alt_icache_flush
 .text          0x0000000000810ac4       0x9c ../task_4_bsp/\libhal_bsp.a(alt_instruction_exception_entry.o)
                0x0000000000810ac4                alt_exception_cause_generated_bad_addr
 .text          0x0000000000810b60        0x0 d:/imperial_college/dsd24/intelfpga_lite/18.1/nios2eds/bin/gnu/h-x86_64-mingw32/bin/../lib/gcc/nios2-elf/5.3.0/../../../../../H-x86_64-mingw32/nios2-elf/lib/mhw-mulx\libc.a(lib_a-atexit.o)
 .text.atexit   0x0000000000810b60       0x14 d:/imperial_college/dsd24/intelfpga_lite/18.1/nios2eds/bin/gnu/h-x86_64-mingw32/bin/../lib/gcc/nios2-elf/5.3.0/../../../../../H-x86_64-mingw32/nios2-elf/lib/mhw-mulx\libc.a(lib_a-atexit.o)
                0x0000000000810b60                atexit
 .text          0x0000000000810b74        0x0 d:/imperial_college/dsd24/intelfpga_lite/18.1/nios2eds/bin/gnu/h-x86_64-mingw32/bin/../lib/gcc/nios2-elf/5.3.0/../../../../../H-x86_64-mingw32/nios2-elf/lib/mhw-mulx\libc.a(lib_a-exit.o)
 .text.exit     0x0000000000810b74       0x38 d:/imperial_college/dsd24/intelfpga_lite/18.1/nios2eds/bin/gnu/h-x86_64-mingw32/bin/../lib/gcc/nios2-elf/5.3.0/../../../../../H-x86_64-mingw32/nios2-elf/lib/mhw-mulx\libc.a(lib_a-exit.o)
                0x0000000000810b74                exit
 .text          0x0000000000810bac        0x0 d:/imperial_college/dsd24/intelfpga_lite/18.1/nios2eds/bin/gnu/h-x86_64-mingw32/bin/../lib/gcc/nios2-elf/5.3.0/../../../../../H-x86_64-mingw32/nios2-elf/lib/mhw-mulx\libc.a(lib_a-fputs.o)
 .text._fputs_r
                0x0000000000810bac       0x9c d:/imperial_college/dsd24/intelfpga_lite/18.1/nios2eds/bin/gnu/h-x86_64-mingw32/bin/../lib/gcc/nios2-elf/5.3.0/../../../../../H-x86_64-mingw32/nios2-elf/lib/mhw-mulx\libc.a(lib_a-fputs.o)
                0x0000000000810bac                _fputs_r
 .text.fputs    0x0000000000810c48       0x18 d:/imperial_college/dsd24/intelfpga_lite/18.1/nios2eds/bin/gnu/h-x86_64-mingw32/bin/../lib/gcc/nios2-elf/5.3.0/../../../../../H-x86_64-mingw32/nios2-elf/lib/mhw-mulx\libc.a(lib_a-fputs.o)
                0x0000000000810c48                fputs
 .text          0x0000000000810c60        0x0 d:/imperial_college/dsd24/intelfpga_lite/18.1/nios2eds/bin/gnu/h-x86_64-mingw32/bin/../lib/gcc/nios2-elf/5.3.0/../../../../../H-x86_64-mingw32/nios2-elf/lib/mhw-mulx\libc.a(lib_a-memcmp.o)
 .text.memcmp   0x0000000000810c60       0x7c d:/imperial_college/dsd24/intelfpga_lite/18.1/nios2eds/bin/gnu/h-x86_64-mingw32/bin/../lib/gcc/nios2-elf/5.3.0/../../../../../H-x86_64-mingw32/nios2-elf/lib/mhw-mulx\libc.a(lib_a-memcmp.o)
                0x0000000000810c60                memcmp
 .text          0x0000000000810cdc        0x0 d:/imperial_college/dsd24/intelfpga_lite/18.1/nios2eds/bin/gnu/h-x86_64-mingw32/bin/../lib/gcc/nios2-elf/5.3.0/../../../../../H-x86_64-mingw32/nios2-elf/lib/mhw-mulx\libc.a(lib_a-__atexit.o)
 .text.__register_exitproc
                0x0000000000810cdc      0x118 d:/imperial_college/dsd24/intelfpga_lite/18.1/nios2eds/bin/gnu/h-x86_64-mingw32/bin/../lib/gcc/nios2-elf/5.3.0/../../../../../H-x86_64-mingw32/nios2-elf/lib/mhw-mulx\libc.a(lib_a-__atexit.o)
                0x0000000000810cdc                __register_exitproc
 .text          0x0000000000810df4        0x0 d:/imperial_college/dsd24/intelfpga_lite/18.1/nios2eds/bin/gnu/h-x86_64-mingw32/bin/../lib/gcc/nios2-elf/5.3.0/../../../../../H-x86_64-mingw32/nios2-elf/lib/mhw-mulx\libc.a(lib_a-__call_atexit.o)
 .text.__call_exitprocs
                0x0000000000810df4      0x180 d:/imperial_college/dsd24/intelfpga_lite/18.1/nios2eds/bin/gnu/h-x86_64-mingw32/bin/../lib/gcc/nios2-elf/5.3.0/../../../../../H-x86_64-mingw32/nios2-elf/lib/mhw-mulx\libc.a(lib_a-__call_atexit.o)
                0x0000000000810df4                __call_exitprocs
 .text          0x0000000000810f74       0x34 ../task_4_bsp/\libhal_bsp.a(alt_exit.o)
                0x0000000000810f74                _exit
 *(.gnu.warning.*)
 *(.fini)
                [!provide]                        PROVIDE (__etext, ABSOLUTE (.))
                [!provide]                        PROVIDE (_etext, ABSOLUTE (.))
                [!provide]                        PROVIDE (etext, ABSOLUTE (.))
 *(.eh_frame_hdr)
                0x0000000000810fa8                . = ALIGN (0x4)
                [!provide]                        PROVIDE (__preinit_array_start, ABSOLUTE (.))
 *(.preinit_array)
                [!provide]                        PROVIDE (__preinit_array_end, ABSOLUTE (.))
                [!provide]                        PROVIDE (__init_array_start, ABSOLUTE (.))
 *(.init_array)
                [!provide]                        PROVIDE (__init_array_end, ABSOLUTE (.))
                [!provide]                        PROVIDE (__fini_array_start, ABSOLUTE (.))
 *(.fini_array)
                [!provide]                        PROVIDE (__fini_array_end, ABSOLUTE (.))
 *(.eh_frame)
 *(.gcc_except_table .gcc_except_table.*)
 *(.dynamic)
                0x0000000000810fa8                PROVIDE (__CTOR_LIST__, ABSOLUTE (.))
 *(.ctors)
 *(SORT(.ctors.*))
                0x0000000000810fa8                PROVIDE (__CTOR_END__, ABSOLUTE (.))
                0x0000000000810fa8                PROVIDE (__DTOR_LIST__, ABSOLUTE (.))
 *(.dtors)
 *(SORT(.dtors.*))
                0x0000000000810fa8                PROVIDE (__DTOR_END__, ABSOLUTE (.))
 *(.jcr)
                0x0000000000810fa8                . = ALIGN (0x4)

.rodata         0x0000000000810fa8      0x33c
                0x0000000000810fa8                PROVIDE (__ram_rodata_start, ABSOLUTE (.))
                0x0000000000810fa8                . = ALIGN (0x4)
 *(.rodata .rodata.* .gnu.linkonce.r.*)
 .rodata        0x0000000000810fa8       0x45 obj/default/task_4.o
 .rodata        0x0000000000810fed      0x100 d:/imperial_college/dsd24/intelfpga_lite/18.1/nios2eds/bin/gnu/h-x86_64-mingw32/bin/../lib/gcc/nios2-elf/5.3.0/mhw-mulx\libgcc.a(_clz.o)
                0x0000000000810fed                __clz_tab
 *fill*         0x00000000008110ed        0x3 
 .rodata.str1.4
                0x00000000008110f0       0x42 d:/imperial_college/dsd24/intelfpga_lite/18.1/nios2eds/bin/gnu/h-x86_64-mingw32/bin/../lib/gcc/nios2-elf/5.3.0/../../../../../H-x86_64-mingw32/nios2-elf/lib/mhw-mulx\libc.a(lib_a-vfprintf.o)
 .rodata.zeroes.4404
                0x0000000000811132       0x10 d:/imperial_college/dsd24/intelfpga_lite/18.1/nios2eds/bin/gnu/h-x86_64-mingw32/bin/../lib/gcc/nios2-elf/5.3.0/../../../../../H-x86_64-mingw32/nios2-elf/lib/mhw-mulx\libc.a(lib_a-vfprintf.o)
 .rodata.blanks.4403
                0x0000000000811142       0x10 d:/imperial_college/dsd24/intelfpga_lite/18.1/nios2eds/bin/gnu/h-x86_64-mingw32/bin/../lib/gcc/nios2-elf/5.3.0/../../../../../H-x86_64-mingw32/nios2-elf/lib/mhw-mulx\libc.a(lib_a-vfprintf.o)
 *fill*         0x0000000000811152        0x2 
 .rodata.str1.4
                0x0000000000811154       0x10 d:/imperial_college/dsd24/intelfpga_lite/18.1/nios2eds/bin/gnu/h-x86_64-mingw32/bin/../lib/gcc/nios2-elf/5.3.0/../../../../../H-x86_64-mingw32/nios2-elf/lib/mhw-mulx\libc.a(lib_a-dtoa.o)
                                         0x12 (size before relaxing)
 .rodata.str1.4
                0x0000000000811164        0x2 d:/imperial_college/dsd24/intelfpga_lite/18.1/nios2eds/bin/gnu/h-x86_64-mingw32/bin/../lib/gcc/nios2-elf/5.3.0/../../../../../H-x86_64-mingw32/nios2-elf/lib/mhw-mulx\libc.a(lib_a-impure.o)
 *fill*         0x0000000000811166        0x2 
 .rodata.str1.4
                0x0000000000811168        0xc d:/imperial_college/dsd24/intelfpga_lite/18.1/nios2eds/bin/gnu/h-x86_64-mingw32/bin/../lib/gcc/nios2-elf/5.3.0/../../../../../H-x86_64-mingw32/nios2-elf/lib/mhw-mulx\libc.a(lib_a-locale.o)
                                         0x12 (size before relaxing)
 .rodata.p05.2768
                0x0000000000811174        0xc d:/imperial_college/dsd24/intelfpga_lite/18.1/nios2eds/bin/gnu/h-x86_64-mingw32/bin/../lib/gcc/nios2-elf/5.3.0/../../../../../H-x86_64-mingw32/nios2-elf/lib/mhw-mulx\libc.a(lib_a-mprec.o)
 .rodata.__mprec_tinytens
                0x0000000000811180       0x28 d:/imperial_college/dsd24/intelfpga_lite/18.1/nios2eds/bin/gnu/h-x86_64-mingw32/bin/../lib/gcc/nios2-elf/5.3.0/../../../../../H-x86_64-mingw32/nios2-elf/lib/mhw-mulx\libc.a(lib_a-mprec.o)
                0x0000000000811180                __mprec_tinytens
 .rodata.__mprec_bigtens
                0x00000000008111a8       0x28 d:/imperial_college/dsd24/intelfpga_lite/18.1/nios2eds/bin/gnu/h-x86_64-mingw32/bin/../lib/gcc/nios2-elf/5.3.0/../../../../../H-x86_64-mingw32/nios2-elf/lib/mhw-mulx\libc.a(lib_a-mprec.o)
                0x00000000008111a8                __mprec_bigtens
 .rodata.__mprec_tens
                0x00000000008111d0       0xc8 d:/imperial_college/dsd24/intelfpga_lite/18.1/nios2eds/bin/gnu/h-x86_64-mingw32/bin/../lib/gcc/nios2-elf/5.3.0/../../../../../H-x86_64-mingw32/nios2-elf/lib/mhw-mulx\libc.a(lib_a-mprec.o)
                0x00000000008111d0                __mprec_tens
 .rodata.str1.4
                0x0000000000811298       0x2f d:/imperial_college/dsd24/intelfpga_lite/18.1/nios2eds/bin/gnu/h-x86_64-mingw32/bin/../lib/gcc/nios2-elf/5.3.0/../../../../../H-x86_64-mingw32/nios2-elf/lib/mhw-mulx\libc.a(lib_a-vfiprintf.o)
 .rodata.zeroes.4349
                0x0000000000811298       0x10 d:/imperial_college/dsd24/intelfpga_lite/18.1/nios2eds/bin/gnu/h-x86_64-mingw32/bin/../lib/gcc/nios2-elf/5.3.0/../../../../../H-x86_64-mingw32/nios2-elf/lib/mhw-mulx\libc.a(lib_a-vfiprintf.o)
 .rodata.blanks.4348
                0x00000000008112a8       0x10 d:/imperial_college/dsd24/intelfpga_lite/18.1/nios2eds/bin/gnu/h-x86_64-mingw32/bin/../lib/gcc/nios2-elf/5.3.0/../../../../../H-x86_64-mingw32/nios2-elf/lib/mhw-mulx\libc.a(lib_a-vfiprintf.o)
 .rodata        0x00000000008112b8        0xa ../task_4_bsp/\libhal_bsp.a(alt_dev.o)
 *fill*         0x00000000008112c2        0x2 
 .rodata        0x00000000008112c4        0xf ../task_4_bsp/\libhal_bsp.a(alt_main.o)
 *fill*         0x00000000008112d3        0x1 
 .rodata        0x00000000008112d4        0xf ../task_4_bsp/\libhal_bsp.a(alt_sys_init.o)
 *(.rodata1)
                0x00000000008112e4                . = ALIGN (0x4)
 *fill*         0x00000000008112e3        0x1 
                0x00000000008112e4                PROVIDE (__ram_rodata_end, ABSOLUTE (.))
                0x0000000000810fa8                PROVIDE (__flash_rodata_start, LOADADDR (.rodata))

.rwdata         0x00000000008112e4     0x1aec load address 0x0000000000812dd0
                0x00000000008112e4                PROVIDE (__ram_rwdata_start, ABSOLUTE (.))
                0x00000000008112e4                . = ALIGN (0x4)
 *(.got.plt)
 *(.got)
 *(.data1)
 *(.data .data.* .gnu.linkonce.d.*)
 .data          0x00000000008112e4        0x0 ../task_4_bsp//obj/HAL/src/crt0.o
 .data          0x00000000008112e4        0x0 obj/default/task_4.o
 .data          0x00000000008112e4        0x0 d:/imperial_college/dsd24/intelfpga_lite/18.1/nios2eds/bin/gnu/h-x86_64-mingw32/bin/../lib/gcc/nios2-elf/5.3.0/mhw-mulx\libgcc.a(addsf3.o)
 .data          0x00000000008112e4        0x0 d:/imperial_college/dsd24/intelfpga_lite/18.1/nios2eds/bin/gnu/h-x86_64-mingw32/bin/../lib/gcc/nios2-elf/5.3.0/mhw-mulx\libgcc.a(divsf3.o)
 .data          0x00000000008112e4        0x0 d:/imperial_college/dsd24/intelfpga_lite/18.1/nios2eds/bin/gnu/h-x86_64-mingw32/bin/../lib/gcc/nios2-elf/5.3.0/mhw-mulx\libgcc.a(mulsf3.o)
 .data          0x00000000008112e4        0x0 d:/imperial_college/dsd24/intelfpga_lite/18.1/nios2eds/bin/gnu/h-x86_64-mingw32/bin/../lib/gcc/nios2-elf/5.3.0/mhw-mulx\libgcc.a(subsf3.o)
 .data          0x00000000008112e4        0x0 d:/imperial_college/dsd24/intelfpga_lite/18.1/nios2eds/bin/gnu/h-x86_64-mingw32/bin/../lib/gcc/nios2-elf/5.3.0/mhw-mulx\libgcc.a(fixsfsi.o)
 .data          0x00000000008112e4        0x0 d:/imperial_college/dsd24/intelfpga_lite/18.1/nios2eds/bin/gnu/h-x86_64-mingw32/bin/../lib/gcc/nios2-elf/5.3.0/mhw-mulx\libgcc.a(adddf3.o)
 .data          0x00000000008112e4        0x0 d:/imperial_college/dsd24/intelfpga_lite/18.1/nios2eds/bin/gnu/h-x86_64-mingw32/bin/../lib/gcc/nios2-elf/5.3.0/mhw-mulx\libgcc.a(muldf3.o)
 .data          0x00000000008112e4        0x0 d:/imperial_college/dsd24/intelfpga_lite/18.1/nios2eds/bin/gnu/h-x86_64-mingw32/bin/../lib/gcc/nios2-elf/5.3.0/mhw-mulx\libgcc.a(subdf3.o)
 .data          0x00000000008112e4        0x0 d:/imperial_college/dsd24/intelfpga_lite/18.1/nios2eds/bin/gnu/h-x86_64-mingw32/bin/../lib/gcc/nios2-elf/5.3.0/mhw-mulx\libgcc.a(extendsfdf2.o)
 .data          0x00000000008112e4        0x0 d:/imperial_college/dsd24/intelfpga_lite/18.1/nios2eds/bin/gnu/h-x86_64-mingw32/bin/../lib/gcc/nios2-elf/5.3.0/mhw-mulx\libgcc.a(truncdfsf2.o)
 .data          0x00000000008112e4        0x0 d:/imperial_college/dsd24/intelfpga_lite/18.1/nios2eds/bin/gnu/h-x86_64-mingw32/bin/../lib/gcc/nios2-elf/5.3.0/mhw-mulx\libgcc.a(_clzsi2.o)
 .data          0x00000000008112e4        0x0 d:/imperial_college/dsd24/intelfpga_lite/18.1/nios2eds/bin/gnu/h-x86_64-mingw32/bin/../lib/gcc/nios2-elf/5.3.0/mhw-mulx\libgcc.a(_clz.o)
 .data          0x00000000008112e4        0x0 d:/imperial_college/dsd24/intelfpga_lite/18.1/nios2eds/bin/gnu/h-x86_64-mingw32/bin/../lib/gcc/nios2-elf/5.3.0/../../../../../H-x86_64-mingw32/nios2-elf/lib/mhw-mulx\libc.a(lib_a-printf.o)
 .data          0x00000000008112e4        0x0 d:/imperial_college/dsd24/intelfpga_lite/18.1/nios2eds/bin/gnu/h-x86_64-mingw32/bin/../lib/gcc/nios2-elf/5.3.0/../../../../../H-x86_64-mingw32/nios2-elf/lib/mhw-mulx\libc.a(lib_a-vfprintf.o)
 .data          0x00000000008112e4        0x0 d:/imperial_college/dsd24/intelfpga_lite/18.1/nios2eds/bin/gnu/h-x86_64-mingw32/bin/../lib/gcc/nios2-elf/5.3.0/../../../../../H-x86_64-mingw32/nios2-elf/lib/mhw-mulx\libc.a(lib_a-wsetup.o)
 .data          0x00000000008112e4        0x0 d:/imperial_college/dsd24/intelfpga_lite/18.1/nios2eds/bin/gnu/h-x86_64-mingw32/bin/../lib/gcc/nios2-elf/5.3.0/../../../../../H-x86_64-mingw32/nios2-elf/lib/mhw-mulx\libc.a(lib_a-dtoa.o)
 .data          0x00000000008112e4        0x0 d:/imperial_college/dsd24/intelfpga_lite/18.1/nios2eds/bin/gnu/h-x86_64-mingw32/bin/../lib/gcc/nios2-elf/5.3.0/../../../../../H-x86_64-mingw32/nios2-elf/lib/mhw-mulx\libc.a(lib_a-fflush.o)
 .data          0x00000000008112e4        0x0 d:/imperial_college/dsd24/intelfpga_lite/18.1/nios2eds/bin/gnu/h-x86_64-mingw32/bin/../lib/gcc/nios2-elf/5.3.0/../../../../../H-x86_64-mingw32/nios2-elf/lib/mhw-mulx\libc.a(lib_a-findfp.o)
 .data          0x00000000008112e4        0x0 d:/imperial_college/dsd24/intelfpga_lite/18.1/nios2eds/bin/gnu/h-x86_64-mingw32/bin/../lib/gcc/nios2-elf/5.3.0/../../../../../H-x86_64-mingw32/nios2-elf/lib/mhw-mulx\libc.a(lib_a-freer.o)
 .data          0x00000000008112e4        0x0 d:/imperial_college/dsd24/intelfpga_lite/18.1/nios2eds/bin/gnu/h-x86_64-mingw32/bin/../lib/gcc/nios2-elf/5.3.0/../../../../../H-x86_64-mingw32/nios2-elf/lib/mhw-mulx\libc.a(lib_a-fwalk.o)
 .data          0x00000000008112e4        0x0 d:/imperial_college/dsd24/intelfpga_lite/18.1/nios2eds/bin/gnu/h-x86_64-mingw32/bin/../lib/gcc/nios2-elf/5.3.0/../../../../../H-x86_64-mingw32/nios2-elf/lib/mhw-mulx\libc.a(lib_a-impure.o)
 .data.impure_data
                0x00000000008112e4      0x424 d:/imperial_college/dsd24/intelfpga_lite/18.1/nios2eds/bin/gnu/h-x86_64-mingw32/bin/../lib/gcc/nios2-elf/5.3.0/../../../../../H-x86_64-mingw32/nios2-elf/lib/mhw-mulx\libc.a(lib_a-impure.o)
 .data          0x0000000000811708        0x0 d:/imperial_college/dsd24/intelfpga_lite/18.1/nios2eds/bin/gnu/h-x86_64-mingw32/bin/../lib/gcc/nios2-elf/5.3.0/../../../../../H-x86_64-mingw32/nios2-elf/lib/mhw-mulx\libc.a(lib_a-locale.o)
 .data.lc_message_charset
                0x0000000000811708       0x20 d:/imperial_college/dsd24/intelfpga_lite/18.1/nios2eds/bin/gnu/h-x86_64-mingw32/bin/../lib/gcc/nios2-elf/5.3.0/../../../../../H-x86_64-mingw32/nios2-elf/lib/mhw-mulx\libc.a(lib_a-locale.o)
 .data.lc_ctype_charset
                0x0000000000811728       0x20 d:/imperial_college/dsd24/intelfpga_lite/18.1/nios2eds/bin/gnu/h-x86_64-mingw32/bin/../lib/gcc/nios2-elf/5.3.0/../../../../../H-x86_64-mingw32/nios2-elf/lib/mhw-mulx\libc.a(lib_a-locale.o)
 .data.lconv    0x0000000000811748       0x38 d:/imperial_college/dsd24/intelfpga_lite/18.1/nios2eds/bin/gnu/h-x86_64-mingw32/bin/../lib/gcc/nios2-elf/5.3.0/../../../../../H-x86_64-mingw32/nios2-elf/lib/mhw-mulx\libc.a(lib_a-locale.o)
 .data          0x0000000000811780        0x0 d:/imperial_college/dsd24/intelfpga_lite/18.1/nios2eds/bin/gnu/h-x86_64-mingw32/bin/../lib/gcc/nios2-elf/5.3.0/../../../../../H-x86_64-mingw32/nios2-elf/lib/mhw-mulx\libc.a(lib_a-makebuf.o)
 .data          0x0000000000811780        0x0 d:/imperial_college/dsd24/intelfpga_lite/18.1/nios2eds/bin/gnu/h-x86_64-mingw32/bin/../lib/gcc/nios2-elf/5.3.0/../../../../../H-x86_64-mingw32/nios2-elf/lib/mhw-mulx\libc.a(lib_a-mallocr.o)
 .data.__malloc_av_
                0x0000000000811780      0x408 d:/imperial_college/dsd24/intelfpga_lite/18.1/nios2eds/bin/gnu/h-x86_64-mingw32/bin/../lib/gcc/nios2-elf/5.3.0/../../../../../H-x86_64-mingw32/nios2-elf/lib/mhw-mulx\libc.a(lib_a-mallocr.o)
                0x0000000000811780                __malloc_av_
 .data          0x0000000000811b88        0x0 d:/imperial_college/dsd24/intelfpga_lite/18.1/nios2eds/bin/gnu/h-x86_64-mingw32/bin/../lib/gcc/nios2-elf/5.3.0/../../../../../H-x86_64-mingw32/nios2-elf/lib/mhw-mulx\libc.a(lib_a-memchr.o)
 .data          0x0000000000811b88        0x0 d:/imperial_college/dsd24/intelfpga_lite/18.1/nios2eds/bin/gnu/h-x86_64-mingw32/bin/../lib/gcc/nios2-elf/5.3.0/../../../../../H-x86_64-mingw32/nios2-elf/lib/mhw-mulx\libc.a(lib_a-memcpy.o)
 .data          0x0000000000811b88        0x0 d:/imperial_college/dsd24/intelfpga_lite/18.1/nios2eds/bin/gnu/h-x86_64-mingw32/bin/../lib/gcc/nios2-elf/5.3.0/../../../../../H-x86_64-mingw32/nios2-elf/lib/mhw-mulx\libc.a(lib_a-memset.o)
 .data          0x0000000000811b88        0x0 d:/imperial_college/dsd24/intelfpga_lite/18.1/nios2eds/bin/gnu/h-x86_64-mingw32/bin/../lib/gcc/nios2-elf/5.3.0/../../../../../H-x86_64-mingw32/nios2-elf/lib/mhw-mulx\libc.a(lib_a-mprec.o)
 .data          0x0000000000811b88        0x0 d:/imperial_college/dsd24/intelfpga_lite/18.1/nios2eds/bin/gnu/h-x86_64-mingw32/bin/../lib/gcc/nios2-elf/5.3.0/../../../../../H-x86_64-mingw32/nios2-elf/lib/mhw-mulx\libc.a(lib_a-s_fpclassify.o)
 .data          0x0000000000811b88        0x0 d:/imperial_college/dsd24/intelfpga_lite/18.1/nios2eds/bin/gnu/h-x86_64-mingw32/bin/../lib/gcc/nios2-elf/5.3.0/../../../../../H-x86_64-mingw32/nios2-elf/lib/mhw-mulx\libc.a(lib_a-sbrkr.o)
 .data          0x0000000000811b88        0x0 d:/imperial_college/dsd24/intelfpga_lite/18.1/nios2eds/bin/gnu/h-x86_64-mingw32/bin/../lib/gcc/nios2-elf/5.3.0/../../../../../H-x86_64-mingw32/nios2-elf/lib/mhw-mulx\libc.a(lib_a-stdio.o)
 .data          0x0000000000811b88        0x0 d:/imperial_college/dsd24/intelfpga_lite/18.1/nios2eds/bin/gnu/h-x86_64-mingw32/bin/../lib/gcc/nios2-elf/5.3.0/../../../../../H-x86_64-mingw32/nios2-elf/lib/mhw-mulx\libc.a(lib_a-strcmp.o)
 .data          0x0000000000811b88        0x0 d:/imperial_college/dsd24/intelfpga_lite/18.1/nios2eds/bin/gnu/h-x86_64-mingw32/bin/../lib/gcc/nios2-elf/5.3.0/../../../../../H-x86_64-mingw32/nios2-elf/lib/mhw-mulx\libc.a(lib_a-strlen.o)
 .data          0x0000000000811b88        0x0 d:/imperial_college/dsd24/intelfpga_lite/18.1/nios2eds/bin/gnu/h-x86_64-mingw32/bin/../lib/gcc/nios2-elf/5.3.0/../../../../../H-x86_64-mingw32/nios2-elf/lib/mhw-mulx\libc.a(lib_a-vfiprintf.o)
 .data          0x0000000000811b88        0x0 d:/imperial_college/dsd24/intelfpga_lite/18.1/nios2eds/bin/gnu/h-x86_64-mingw32/bin/../lib/gcc/nios2-elf/5.3.0/../../../../../H-x86_64-mingw32/nios2-elf/lib/mhw-mulx\libc.a(lib_a-writer.o)
 .data          0x0000000000811b88        0x0 d:/imperial_college/dsd24/intelfpga_lite/18.1/nios2eds/bin/gnu/h-x86_64-mingw32/bin/../lib/gcc/nios2-elf/5.3.0/../../../../../H-x86_64-mingw32/nios2-elf/lib/mhw-mulx\libc.a(closer.o)
 .data          0x0000000000811b88        0x0 d:/imperial_college/dsd24/intelfpga_lite/18.1/nios2eds/bin/gnu/h-x86_64-mingw32/bin/../lib/gcc/nios2-elf/5.3.0/../../../../../H-x86_64-mingw32/nios2-elf/lib/mhw-mulx\libc.a(lib_a-callocr.o)
 .data          0x0000000000811b88        0x0 d:/imperial_college/dsd24/intelfpga_lite/18.1/nios2eds/bin/gnu/h-x86_64-mingw32/bin/../lib/gcc/nios2-elf/5.3.0/../../../../../H-x86_64-mingw32/nios2-elf/lib/mhw-mulx\libc.a(lib_a-fclose.o)
 .data          0x0000000000811b88        0x0 d:/imperial_college/dsd24/intelfpga_lite/18.1/nios2eds/bin/gnu/h-x86_64-mingw32/bin/../lib/gcc/nios2-elf/5.3.0/../../../../../H-x86_64-mingw32/nios2-elf/lib/mhw-mulx\libc.a(lib_a-fputwc.o)
 .data          0x0000000000811b88        0x0 d:/imperial_college/dsd24/intelfpga_lite/18.1/nios2eds/bin/gnu/h-x86_64-mingw32/bin/../lib/gcc/nios2-elf/5.3.0/../../../../../H-x86_64-mingw32/nios2-elf/lib/mhw-mulx\libc.a(lib_a-fstatr.o)
 .data          0x0000000000811b88        0x0 d:/imperial_college/dsd24/intelfpga_lite/18.1/nios2eds/bin/gnu/h-x86_64-mingw32/bin/../lib/gcc/nios2-elf/5.3.0/../../../../../H-x86_64-mingw32/nios2-elf/lib/mhw-mulx\libc.a(lib_a-fvwrite.o)
 .data          0x0000000000811b88        0x0 d:/imperial_college/dsd24/intelfpga_lite/18.1/nios2eds/bin/gnu/h-x86_64-mingw32/bin/../lib/gcc/nios2-elf/5.3.0/../../../../../H-x86_64-mingw32/nios2-elf/lib/mhw-mulx\libc.a(lib_a-int_errno.o)
 .data          0x0000000000811b88        0x0 d:/imperial_college/dsd24/intelfpga_lite/18.1/nios2eds/bin/gnu/h-x86_64-mingw32/bin/../lib/gcc/nios2-elf/5.3.0/../../../../../H-x86_64-mingw32/nios2-elf/lib/mhw-mulx\libc.a(lib_a-isattyr.o)
 .data          0x0000000000811b88        0x0 d:/imperial_college/dsd24/intelfpga_lite/18.1/nios2eds/bin/gnu/h-x86_64-mingw32/bin/../lib/gcc/nios2-elf/5.3.0/../../../../../H-x86_64-mingw32/nios2-elf/lib/mhw-mulx\libc.a(lib_a-lseekr.o)
 .data          0x0000000000811b88        0x0 d:/imperial_college/dsd24/intelfpga_lite/18.1/nios2eds/bin/gnu/h-x86_64-mingw32/bin/../lib/gcc/nios2-elf/5.3.0/../../../../../H-x86_64-mingw32/nios2-elf/lib/mhw-mulx\libc.a(lib_a-memmove.o)
 .data          0x0000000000811b88        0x0 d:/imperial_college/dsd24/intelfpga_lite/18.1/nios2eds/bin/gnu/h-x86_64-mingw32/bin/../lib/gcc/nios2-elf/5.3.0/../../../../../H-x86_64-mingw32/nios2-elf/lib/mhw-mulx\libc.a(lib_a-readr.o)
 .data          0x0000000000811b88        0x0 d:/imperial_college/dsd24/intelfpga_lite/18.1/nios2eds/bin/gnu/h-x86_64-mingw32/bin/../lib/gcc/nios2-elf/5.3.0/../../../../../H-x86_64-mingw32/nios2-elf/lib/mhw-mulx\libc.a(lib_a-reallocr.o)
 .data          0x0000000000811b88        0x0 d:/imperial_college/dsd24/intelfpga_lite/18.1/nios2eds/bin/gnu/h-x86_64-mingw32/bin/../lib/gcc/nios2-elf/5.3.0/../../../../../H-x86_64-mingw32/nios2-elf/lib/mhw-mulx\libc.a(lib_a-wbuf.o)
 .data          0x0000000000811b88        0x0 d:/imperial_college/dsd24/intelfpga_lite/18.1/nios2eds/bin/gnu/h-x86_64-mingw32/bin/../lib/gcc/nios2-elf/5.3.0/../../../../../H-x86_64-mingw32/nios2-elf/lib/mhw-mulx\libc.a(lib_a-wcrtomb.o)
 .data          0x0000000000811b88        0x0 d:/imperial_college/dsd24/intelfpga_lite/18.1/nios2eds/bin/gnu/h-x86_64-mingw32/bin/../lib/gcc/nios2-elf/5.3.0/../../../../../H-x86_64-mingw32/nios2-elf/lib/mhw-mulx\libc.a(lib_a-wctomb_r.o)
 .data          0x0000000000811b88        0x0 d:/imperial_college/dsd24/intelfpga_lite/18.1/nios2eds/bin/gnu/h-x86_64-mingw32/bin/../lib/gcc/nios2-elf/5.3.0/mhw-mulx\libgcc.a(_udivdi3.o)
 .data          0x0000000000811b88        0x0 d:/imperial_college/dsd24/intelfpga_lite/18.1/nios2eds/bin/gnu/h-x86_64-mingw32/bin/../lib/gcc/nios2-elf/5.3.0/mhw-mulx\libgcc.a(_umoddi3.o)
 .data          0x0000000000811b88        0x0 d:/imperial_college/dsd24/intelfpga_lite/18.1/nios2eds/bin/gnu/h-x86_64-mingw32/bin/../lib/gcc/nios2-elf/5.3.0/mhw-mulx\libgcc.a(lib2-divmod.o)
 .data          0x0000000000811b88        0x0 d:/imperial_college/dsd24/intelfpga_lite/18.1/nios2eds/bin/gnu/h-x86_64-mingw32/bin/../lib/gcc/nios2-elf/5.3.0/mhw-mulx\libgcc.a(divdf3.o)
 .data          0x0000000000811b88        0x0 d:/imperial_college/dsd24/intelfpga_lite/18.1/nios2eds/bin/gnu/h-x86_64-mingw32/bin/../lib/gcc/nios2-elf/5.3.0/mhw-mulx\libgcc.a(eqdf2.o)
 .data          0x0000000000811b88        0x0 d:/imperial_college/dsd24/intelfpga_lite/18.1/nios2eds/bin/gnu/h-x86_64-mingw32/bin/../lib/gcc/nios2-elf/5.3.0/mhw-mulx\libgcc.a(gedf2.o)
 .data          0x0000000000811b88        0x0 d:/imperial_college/dsd24/intelfpga_lite/18.1/nios2eds/bin/gnu/h-x86_64-mingw32/bin/../lib/gcc/nios2-elf/5.3.0/mhw-mulx\libgcc.a(ledf2.o)
 .data          0x0000000000811b88        0x0 d:/imperial_college/dsd24/intelfpga_lite/18.1/nios2eds/bin/gnu/h-x86_64-mingw32/bin/../lib/gcc/nios2-elf/5.3.0/mhw-mulx\libgcc.a(fixdfsi.o)
 .data          0x0000000000811b88        0x0 d:/imperial_college/dsd24/intelfpga_lite/18.1/nios2eds/bin/gnu/h-x86_64-mingw32/bin/../lib/gcc/nios2-elf/5.3.0/mhw-mulx\libgcc.a(floatsidf.o)
 .data          0x0000000000811b88        0x0 d:/imperial_college/dsd24/intelfpga_lite/18.1/nios2eds/bin/gnu/h-x86_64-mingw32/bin/../lib/gcc/nios2-elf/5.3.0/mhw-mulx\libgcc.a(floatunsidf.o)
 .data          0x0000000000811b88        0x0 ../task_4_bsp/\libhal_bsp.a(alt_close.o)
 .data          0x0000000000811b88      0x1a8 ../task_4_bsp/\libhal_bsp.a(alt_dev.o)
                0x0000000000811b88                alt_dev_null
                0x0000000000811bb0                alt_fd_list
 .data          0x0000000000811d30        0x0 ../task_4_bsp/\libhal_bsp.a(alt_errno.o)
 .data          0x0000000000811d30        0x0 ../task_4_bsp/\libhal_bsp.a(alt_fstat.o)
 .data          0x0000000000811d30        0x0 ../task_4_bsp/\libhal_bsp.a(alt_isatty.o)
 .data          0x0000000000811d30        0x0 ../task_4_bsp/\libhal_bsp.a(alt_load.o)
 .data          0x0000000000811d30        0x0 ../task_4_bsp/\libhal_bsp.a(alt_lseek.o)
 .data          0x0000000000811d30        0x0 ../task_4_bsp/\libhal_bsp.a(alt_main.o)
 .data          0x0000000000811d30        0x0 ../task_4_bsp/\libhal_bsp.a(alt_malloc_lock.o)
 .data          0x0000000000811d30        0x0 ../task_4_bsp/\libhal_bsp.a(alt_putstr.o)
 .data          0x0000000000811d30        0x0 ../task_4_bsp/\libhal_bsp.a(alt_read.o)
 .data          0x0000000000811d30        0x0 ../task_4_bsp/\libhal_bsp.a(alt_release_fd.o)
 .data          0x0000000000811d30        0x0 ../task_4_bsp/\libhal_bsp.a(alt_sbrk.o)
 .data          0x0000000000811d30        0x0 ../task_4_bsp/\libhal_bsp.a(alt_times.o)
 .data          0x0000000000811d30        0x0 ../task_4_bsp/\libhal_bsp.a(alt_write.o)
 .data          0x0000000000811d30     0x1060 ../task_4_bsp/\libhal_bsp.a(alt_sys_init.o)
 .data          0x0000000000812d90        0x0 ../task_4_bsp/\libhal_bsp.a(altera_avalon_jtag_uart_fd.o)
 .data          0x0000000000812d90        0x0 ../task_4_bsp/\libhal_bsp.a(altera_avalon_jtag_uart_init.o)
 .data          0x0000000000812d90        0x0 ../task_4_bsp/\libhal_bsp.a(altera_avalon_jtag_uart_ioctl.o)
 .data          0x0000000000812d90        0x0 ../task_4_bsp/\libhal_bsp.a(altera_avalon_jtag_uart_read.o)
 .data          0x0000000000812d90        0x0 ../task_4_bsp/\libhal_bsp.a(altera_avalon_jtag_uart_write.o)
 .data          0x0000000000812d90        0x0 ../task_4_bsp/\libhal_bsp.a(altera_avalon_timer_sc.o)
 .data          0x0000000000812d90        0x0 ../task_4_bsp/\libhal_bsp.a(alt_alarm_start.o)
 .data          0x0000000000812d90        0x0 ../task_4_bsp/\libhal_bsp.a(alt_dcache_flush_all.o)
 .data          0x0000000000812d90        0x0 ../task_4_bsp/\libhal_bsp.a(alt_dev_llist_insert.o)
 .data          0x0000000000812d90        0x0 ../task_4_bsp/\libhal_bsp.a(alt_do_ctors.o)
 .data          0x0000000000812d90        0x0 ../task_4_bsp/\libhal_bsp.a(alt_do_dtors.o)
 .data          0x0000000000812d90        0x0 ../task_4_bsp/\libhal_bsp.a(alt_icache_flush_all.o)
 .data          0x0000000000812d90        0x0 ../task_4_bsp/\libhal_bsp.a(alt_iic.o)
 .data          0x0000000000812d90        0x0 ../task_4_bsp/\libhal_bsp.a(alt_iic_isr_register.o)
 .data          0x0000000000812d90        0x0 ../task_4_bsp/\libhal_bsp.a(alt_io_redirect.o)
 .data          0x0000000000812d90        0x0 ../task_4_bsp/\libhal_bsp.a(alt_irq_entry.o)
 .data          0x0000000000812d90        0x0 ../task_4_bsp/\libhal_bsp.a(alt_irq_handler.o)
 .data          0x0000000000812d90        0x0 ../task_4_bsp/\libhal_bsp.a(alt_irq_vars.o)
 .data          0x0000000000812d90        0x0 ../task_4_bsp/\libhal_bsp.a(alt_open.o)
 .data          0x0000000000812d90        0x0 ../task_4_bsp/\libhal_bsp.a(alt_tick.o)
 .data          0x0000000000812d90        0x0 ../task_4_bsp/\libhal_bsp.a(altera_nios2_gen2_irq.o)
 .data          0x0000000000812d90        0x0 ../task_4_bsp/\libhal_bsp.a(alt_exception_entry.o)
 .data          0x0000000000812d90        0x0 ../task_4_bsp/\libhal_bsp.a(alt_find_dev.o)
 .data          0x0000000000812d90        0x0 ../task_4_bsp/\libhal_bsp.a(alt_find_file.o)
 .data          0x0000000000812d90        0x0 ../task_4_bsp/\libhal_bsp.a(alt_get_fd.o)
 .data          0x0000000000812d90        0x0 ../task_4_bsp/\libhal_bsp.a(alt_icache_flush.o)
 .data          0x0000000000812d90        0x0 ../task_4_bsp/\libhal_bsp.a(alt_instruction_exception_entry.o)
 .data          0x0000000000812d90        0x0 d:/imperial_college/dsd24/intelfpga_lite/18.1/nios2eds/bin/gnu/h-x86_64-mingw32/bin/../lib/gcc/nios2-elf/5.3.0/../../../../../H-x86_64-mingw32/nios2-elf/lib/mhw-mulx\libc.a(lib_a-atexit.o)
 .data          0x0000000000812d90        0x0 d:/imperial_college/dsd24/intelfpga_lite/18.1/nios2eds/bin/gnu/h-x86_64-mingw32/bin/../lib/gcc/nios2-elf/5.3.0/../../../../../H-x86_64-mingw32/nios2-elf/lib/mhw-mulx\libc.a(lib_a-exit.o)
 .data          0x0000000000812d90        0x0 d:/imperial_college/dsd24/intelfpga_lite/18.1/nios2eds/bin/gnu/h-x86_64-mingw32/bin/../lib/gcc/nios2-elf/5.3.0/../../../../../H-x86_64-mingw32/nios2-elf/lib/mhw-mulx\libc.a(lib_a-fputs.o)
 .data          0x0000000000812d90        0x0 d:/imperial_college/dsd24/intelfpga_lite/18.1/nios2eds/bin/gnu/h-x86_64-mingw32/bin/../lib/gcc/nios2-elf/5.3.0/../../../../../H-x86_64-mingw32/nios2-elf/lib/mhw-mulx\libc.a(lib_a-memcmp.o)
 .data          0x0000000000812d90        0x0 d:/imperial_college/dsd24/intelfpga_lite/18.1/nios2eds/bin/gnu/h-x86_64-mingw32/bin/../lib/gcc/nios2-elf/5.3.0/../../../../../H-x86_64-mingw32/nios2-elf/lib/mhw-mulx\libc.a(lib_a-__atexit.o)
 .data          0x0000000000812d90        0x0 d:/imperial_college/dsd24/intelfpga_lite/18.1/nios2eds/bin/gnu/h-x86_64-mingw32/bin/../lib/gcc/nios2-elf/5.3.0/../../../../../H-x86_64-mingw32/nios2-elf/lib/mhw-mulx\libc.a(lib_a-__call_atexit.o)
 .data          0x0000000000812d90        0x0 ../task_4_bsp/\libhal_bsp.a(alt_exit.o)
                0x000000000081ad90                _gp = ABSOLUTE ((. + 0x8000))
                [!provide]                        PROVIDE (gp, _gp)
 *(.rwdata .rwdata.*)
 *(.sdata .sdata.* .gnu.linkonce.s.*)
 .sdata._global_impure_ptr
                0x0000000000812d90        0x4 d:/imperial_college/dsd24/intelfpga_lite/18.1/nios2eds/bin/gnu/h-x86_64-mingw32/bin/../lib/gcc/nios2-elf/5.3.0/../../../../../H-x86_64-mingw32/nios2-elf/lib/mhw-mulx\libc.a(lib_a-impure.o)
                0x0000000000812d90                _global_impure_ptr
 .sdata._impure_ptr
                0x0000000000812d94        0x4 d:/imperial_college/dsd24/intelfpga_lite/18.1/nios2eds/bin/gnu/h-x86_64-mingw32/bin/../lib/gcc/nios2-elf/5.3.0/../../../../../H-x86_64-mingw32/nios2-elf/lib/mhw-mulx\libc.a(lib_a-impure.o)
                0x0000000000812d94                _impure_ptr
 .sdata.__mb_cur_max
                0x0000000000812d98        0x4 d:/imperial_college/dsd24/intelfpga_lite/18.1/nios2eds/bin/gnu/h-x86_64-mingw32/bin/../lib/gcc/nios2-elf/5.3.0/../../../../../H-x86_64-mingw32/nios2-elf/lib/mhw-mulx\libc.a(lib_a-locale.o)
                0x0000000000812d98                __mb_cur_max
 .sdata.__malloc_sbrk_base
                0x0000000000812d9c        0x4 d:/imperial_college/dsd24/intelfpga_lite/18.1/nios2eds/bin/gnu/h-x86_64-mingw32/bin/../lib/gcc/nios2-elf/5.3.0/../../../../../H-x86_64-mingw32/nios2-elf/lib/mhw-mulx\libc.a(lib_a-mallocr.o)
                0x0000000000812d9c                __malloc_sbrk_base
 .sdata.__malloc_trim_threshold
                0x0000000000812da0        0x4 d:/imperial_college/dsd24/intelfpga_lite/18.1/nios2eds/bin/gnu/h-x86_64-mingw32/bin/../lib/gcc/nios2-elf/5.3.0/../../../../../H-x86_64-mingw32/nios2-elf/lib/mhw-mulx\libc.a(lib_a-mallocr.o)
                0x0000000000812da0                __malloc_trim_threshold
 .sdata.__wctomb
                0x0000000000812da4        0x4 d:/imperial_college/dsd24/intelfpga_lite/18.1/nios2eds/bin/gnu/h-x86_64-mingw32/bin/../lib/gcc/nios2-elf/5.3.0/../../../../../H-x86_64-mingw32/nios2-elf/lib/mhw-mulx\libc.a(lib_a-wctomb_r.o)
                0x0000000000812da4                __wctomb
 .sdata         0x0000000000812da8       0x14 ../task_4_bsp/\libhal_bsp.a(alt_dev.o)
                0x0000000000812da8                alt_fs_list
                0x0000000000812db0                alt_dev_list
                0x0000000000812db8                alt_max_fd
 .sdata         0x0000000000812dbc        0x4 ../task_4_bsp/\libhal_bsp.a(alt_errno.o)
                0x0000000000812dbc                alt_errno
 .sdata         0x0000000000812dc0        0x4 ../task_4_bsp/\libhal_bsp.a(alt_sbrk.o)
 .sdata         0x0000000000812dc4        0x4 ../task_4_bsp/\libhal_bsp.a(alt_irq_vars.o)
                0x0000000000812dc4                alt_priority_mask
 .sdata         0x0000000000812dc8        0x8 ../task_4_bsp/\libhal_bsp.a(alt_tick.o)
                0x0000000000812dc8                alt_alarm_list
 *(.sdata2 .sdata2.* .gnu.linkonce.s2.*)
                0x0000000000812dd0                . = ALIGN (0x4)
                0x0000000000812dd0                _edata = ABSOLUTE (.)
                [!provide]                        PROVIDE (edata, ABSOLUTE (.))
                0x0000000000812dd0                PROVIDE (__ram_rwdata_end, ABSOLUTE (.))
                0x0000000000812dd0                PROVIDE (__flash_rwdata_start, LOADADDR (.rwdata))

.bss            0x00000000008148bc      0x160
                0x00000000008148bc                __bss_start = ABSOLUTE (.)
                [!provide]                        PROVIDE (__sbss_start, ABSOLUTE (.))
                [!provide]                        PROVIDE (___sbss_start, ABSOLUTE (.))
 *(.dynsbss)
 *(.sbss .sbss.* .gnu.linkonce.sb.*)
 .sbss._PathLocale
                0x00000000008148bc        0x4 d:/imperial_college/dsd24/intelfpga_lite/18.1/nios2eds/bin/gnu/h-x86_64-mingw32/bin/../lib/gcc/nios2-elf/5.3.0/../../../../../H-x86_64-mingw32/nios2-elf/lib/mhw-mulx\libc.a(lib_a-locale.o)
                0x00000000008148bc                _PathLocale
 .sbss.__mlocale_changed
                0x00000000008148c0        0x4 d:/imperial_college/dsd24/intelfpga_lite/18.1/nios2eds/bin/gnu/h-x86_64-mingw32/bin/../lib/gcc/nios2-elf/5.3.0/../../../../../H-x86_64-mingw32/nios2-elf/lib/mhw-mulx\libc.a(lib_a-locale.o)
                0x00000000008148c0                __mlocale_changed
 .sbss.__nlocale_changed
                0x00000000008148c4        0x4 d:/imperial_college/dsd24/intelfpga_lite/18.1/nios2eds/bin/gnu/h-x86_64-mingw32/bin/../lib/gcc/nios2-elf/5.3.0/../../../../../H-x86_64-mingw32/nios2-elf/lib/mhw-mulx\libc.a(lib_a-locale.o)
                0x00000000008148c4                __nlocale_changed
 .sbss.__malloc_max_total_mem
                0x00000000008148c8        0x4 d:/imperial_college/dsd24/intelfpga_lite/18.1/nios2eds/bin/gnu/h-x86_64-mingw32/bin/../lib/gcc/nios2-elf/5.3.0/../../../../../H-x86_64-mingw32/nios2-elf/lib/mhw-mulx\libc.a(lib_a-mallocr.o)
                0x00000000008148c8                __malloc_max_total_mem
 .sbss.__malloc_max_sbrked_mem
                0x00000000008148cc        0x4 d:/imperial_college/dsd24/intelfpga_lite/18.1/nios2eds/bin/gnu/h-x86_64-mingw32/bin/../lib/gcc/nios2-elf/5.3.0/../../../../../H-x86_64-mingw32/nios2-elf/lib/mhw-mulx\libc.a(lib_a-mallocr.o)
                0x00000000008148cc                __malloc_max_sbrked_mem
 .sbss.__malloc_top_pad
                0x00000000008148d0        0x4 d:/imperial_college/dsd24/intelfpga_lite/18.1/nios2eds/bin/gnu/h-x86_64-mingw32/bin/../lib/gcc/nios2-elf/5.3.0/../../../../../H-x86_64-mingw32/nios2-elf/lib/mhw-mulx\libc.a(lib_a-mallocr.o)
                0x00000000008148d0                __malloc_top_pad
 .sbss          0x00000000008148d4        0x4 d:/imperial_college/dsd24/intelfpga_lite/18.1/nios2eds/bin/gnu/h-x86_64-mingw32/bin/../lib/gcc/nios2-elf/5.3.0/../../../../../H-x86_64-mingw32/nios2-elf/lib/mhw-mulx\libc.a(lib_a-int_errno.o)
                0x00000000008148d4                errno
 .sbss          0x00000000008148d8        0xc ../task_4_bsp/\libhal_bsp.a(alt_main.o)
                0x00000000008148d8                alt_argc
                0x00000000008148dc                alt_argv
                0x00000000008148e0                alt_envp
 .sbss          0x00000000008148e4        0x4 ../task_4_bsp/\libhal_bsp.a(alt_irq_vars.o)
                0x00000000008148e4                alt_irq_active
 .sbss          0x00000000008148e8        0x8 ../task_4_bsp/\libhal_bsp.a(alt_tick.o)
                0x00000000008148e8                _alt_tick_rate
                0x00000000008148ec                _alt_nticks